completion-return-1440: keyboard, world entry, save/continue, exit, undo, GPU and screenshot passed
completion-outro-1440: keyboard, world entry, save/continue, exit, undo, GPU and screenshot passed
outer-context-1440: keyboard, world entry, save/continue, exit, undo, GPU and screenshot passed
outer-context-390: keyboard, world entry, save/continue, exit, undo, GPU and screenshot passed
parabox-hub-1440: keyboard, world entry, save/continue, exit, undo, GPU and screenshot passed
parabox-hub-390: keyboard, world entry, save/continue, exit, undo, GPU and screenshot passed
parabox-intro-1440: keyboard, world entry, save/continue, exit, undo, GPU and screenshot passed
parabox-nested-1440: keyboard, world entry, save/continue, exit, undo, GPU and screenshot passed
gate-recoil-1440: keyboard, world entry, save/continue, exit, undo, GPU and screenshot passed
undo-step-1440: keyboard, world entry, save/continue, exit, undo, GPU and screenshot passed
undo-box-1440: keyboard, world entry, save/continue, exit, undo, GPU and screenshot passed
outer-wall-1440: keyboard, world entry, save/continue, exit, undo, GPU and screenshot passed
pressure-open-1440: keyboard, world entry, save/continue, exit, undo, GPU and screenshot passed
pressure-closed-1440: keyboard, world entry, save/continue, exit, undo, GPU and screenshot passed
box-entry-1440: keyboard, world entry, save/continue, exit, undo, GPU and screenshot passed
box-exit-1440: keyboard, world entry, save/continue, exit, undo, GPU and screenshot passed
box-outside-1440: keyboard, world entry, save/continue, exit, undo, GPU and screenshot passed
home-1440: keyboard, world entry, save/continue, exit, undo, GPU and screenshot passed
world-1440: keyboard, world entry, save/continue, exit, undo, GPU and screenshot passed
decorations-1440: keyboard, world entry, save/continue, exit, undo, GPU and screenshot passed
level-1440: keyboard, world entry, save/continue, exit, undo, GPU and screenshot passed
level-390: keyboard, world entry, save/continue, exit, undo, GPU and screenshot passed
colors-1440: keyboard, world entry, save/continue, exit, undo, GPU and screenshot passed
celebration-1440: keyboard, world entry, save/continue, exit, undo, GPU and screenshot passed
transition-1440: keyboard, world entry, save/continue, exit, undo, GPU and screenshot passed
jump-1440: keyboard, world entry, save/continue, exit, undo, GPU and screenshot passed
climb-1440: keyboard, world entry, save/continue, exit, undo, GPU and screenshot passed
descent-1440: keyboard, world entry, save/continue, exit, undo, GPU and screenshot passed
