{
  "summary": {
    "walk-warm": {
      "samples": 48,
      "medianMs": 12.875,
      "p95Ms": 18.980000019073486
    },
    "walk-repeat": {
      "samples": 48,
      "medianMs": 12.439999997615814,
      "p95Ms": 14.39000004529953
    },
    "rooms-warm": {
      "samples": 22,
      "medianMs": 44.69500005245209,
      "p95Ms": 62.189999997615814
    },
    "rooms-repeat": {
      "samples": 22,
      "medianMs": 39.80500000715256,
      "p95Ms": 58.064999997615814
    },
    "transfer-warm": {
      "samples": 24,
      "medianMs": 44.29000002145767,
      "p95Ms": 50.44499999284744
    },
    "transfer-repeat": {
      "samples": 24,
      "medianMs": 44.00999999046326,
      "p95Ms": 47.49500000476837
    },
    "nested-warm": {
      "samples": 16,
      "medianMs": 138.10499995946884,
      "p95Ms": 178.1899999976158
    },
    "nested-repeat": {
      "samples": 16,
      "medianMs": 133.49000000953674,
      "p95Ms": 167.375
    },
    "recursive-warm": {
      "samples": 16,
      "medianMs": 9.824999988079071,
      "p95Ms": 12.495000004768372
    },
    "recursive-repeat": {
      "samples": 16,
      "medianMs": 9.290000021457672,
      "p95Ms": 13.074999988079071
    },
    "idleTwoFrames": {
      "samples": 30,
      "medianMs": 33.285000026226044,
      "p95Ms": 35.1700000166893
    }
  },
  "samples": [
    {
      "name": "start",
      "entities": 1466,
      "parts": 1462,
      "createdParts": 1462,
      "destroyedParts": 0,
      "rebuilds": 2,
      "transformWrites": 6,
      "geometries": 98,
      "materials": 23,
      "labels": 11,
      "sceneExtractions": 1,
      "gpu": {
        "buffers": 565,
        "textures": 13,
        "querySets": 0,
        "estimatedBytes": 144215384
      }
    },
    {
      "name": "walk-warm",
      "entities": 1466,
      "parts": 1462,
      "createdParts": 1462,
      "destroyedParts": 0,
      "rebuilds": 50,
      "transformWrites": 2214,
      "geometries": 98,
      "materials": 23,
      "labels": 11,
      "sceneExtractions": 49,
      "gpu": {
        "buffers": 539,
        "textures": 13,
        "querySets": 0,
        "estimatedBytes": 143592616
      }
    },
    {
      "name": "walk-repeat",
      "entities": 1466,
      "parts": 1462,
      "createdParts": 1462,
      "destroyedParts": 0,
      "rebuilds": 98,
      "transformWrites": 4422,
      "geometries": 98,
      "materials": 23,
      "labels": 11,
      "sceneExtractions": 97,
      "gpu": {
        "buffers": 539,
        "textures": 13,
        "querySets": 0,
        "estimatedBytes": 143592616
      }
    },
    {
      "name": "rooms-warm",
      "entities": 1723,
      "parts": 1719,
      "createdParts": 8524,
      "destroyedParts": 6805,
      "rebuilds": 120,
      "transformWrites": 78607,
      "geometries": 149,
      "materials": 27,
      "labels": 10,
      "sceneExtractions": 119,
      "gpu": {
        "buffers": 754,
        "textures": 13,
        "querySets": 0,
        "estimatedBytes": 145276688
      }
    },
    {
      "name": "rooms-repeat",
      "entities": 1723,
      "parts": 1719,
      "createdParts": 16802,
      "destroyedParts": 15083,
      "rebuilds": 142,
      "transformWrites": 153259,
      "geometries": 149,
      "materials": 27,
      "labels": 10,
      "sceneExtractions": 141,
      "gpu": {
        "buffers": 754,
        "textures": 13,
        "querySets": 0,
        "estimatedBytes": 145276688
      }
    },
    {
      "name": "transfer-warm",
      "entities": 1717,
      "parts": 1713,
      "createdParts": 16986,
      "destroyedParts": 15273,
      "rebuilds": 166,
      "transformWrites": 220549,
      "geometries": 149,
      "materials": 27,
      "labels": 10,
      "sceneExtractions": 165,
      "gpu": {
        "buffers": 744,
        "textures": 13,
        "querySets": 0,
        "estimatedBytes": 145233008
      }
    },
    {
      "name": "transfer-repeat",
      "entities": 1717,
      "parts": 1713,
      "createdParts": 16986,
      "destroyedParts": 15273,
      "rebuilds": 190,
      "transformWrites": 286525,
      "geometries": 149,
      "materials": 27,
      "labels": 10,
      "sceneExtractions": 189,
      "gpu": {
        "buffers": 744,
        "textures": 13,
        "querySets": 0,
        "estimatedBytes": 145233008
      }
    },
    {
      "name": "nested-warm",
      "entities": 5123,
      "parts": 5119,
      "createdParts": 103882,
      "destroyedParts": 98763,
      "rebuilds": 223,
      "transformWrites": 423623,
      "geometries": 256,
      "materials": 29,
      "labels": 18,
      "sceneExtractions": 206,
      "gpu": {
        "buffers": 1212,
        "textures": 13,
        "querySets": 0,
        "estimatedBytes": 148964592
      }
    },
    {
      "name": "nested-repeat",
      "entities": 5123,
      "parts": 5119,
      "createdParts": 186170,
      "destroyedParts": 181051,
      "rebuilds": 255,
      "transformWrites": 556911,
      "geometries": 256,
      "materials": 29,
      "labels": 18,
      "sceneExtractions": 222,
      "gpu": {
        "buffers": 1212,
        "textures": 13,
        "querySets": 0,
        "estimatedBytes": 148964592
      }
    },
    {
      "name": "recursive-warm",
      "entities": 1396,
      "parts": 1392,
      "createdParts": 186371,
      "destroyedParts": 184979,
      "rebuilds": 272,
      "transformWrites": 581684,
      "geometries": 256,
      "materials": 29,
      "labels": 0,
      "sceneExtractions": 239,
      "gpu": {
        "buffers": 565,
        "textures": 13,
        "querySets": 0,
        "estimatedBytes": 145788160
      }
    },
    {
      "name": "recursive-repeat",
      "entities": 1396,
      "parts": 1392,
      "createdParts": 186371,
      "destroyedParts": 184979,
      "rebuilds": 288,
      "transformWrites": 603972,
      "geometries": 256,
      "materials": 29,
      "labels": 0,
      "sceneExtractions": 255,
      "gpu": {
        "buffers": 565,
        "textures": 13,
        "querySets": 0,
        "estimatedBytes": 145788160
      }
    },
    {
      "name": "idle-start",
      "entities": 1466,
      "parts": 1462,
      "createdParts": 187587,
      "destroyedParts": 186125,
      "rebuilds": 289,
      "transformWrites": 604451,
      "geometries": 256,
      "materials": 29,
      "labels": 11,
      "sceneExtractions": 256,
      "gpu": {
        "buffers": 539,
        "textures": 13,
        "querySets": 0,
        "estimatedBytes": 145460392
      }
    },
    {
      "name": "idle-end",
      "entities": 1466,
      "parts": 1462,
      "createdParts": 187587,
      "destroyedParts": 186125,
      "rebuilds": 289,
      "transformWrites": 604451,
      "geometries": 256,
      "materials": 29,
      "labels": 11,
      "sceneExtractions": 256,
      "gpu": {
        "buffers": 539,
        "textures": 13,
        "querySets": 0,
        "estimatedBytes": 145460392
      }
    }
  ],
  "teardown": [
    {
      "gpu": {
        "buffers": 1,
        "textures": 2,
        "querySets": 0,
        "estimatedBytes": 41353216
      },
      "entities": 0,
      "parts": 0,
      "geometries": 0,
      "materials": 0
    },
    {
      "gpu": {
        "buffers": 1,
        "textures": 2,
        "querySets": 0,
        "estimatedBytes": 41353216
      },
      "entities": 0,
      "parts": 0,
      "geometries": 0,
      "materials": 0
    },
    {
      "gpu": {
        "buffers": 1,
        "textures": 2,
        "querySets": 0,
        "estimatedBytes": 41353216
      },
      "entities": 0,
      "parts": 0,
      "geometries": 0,
      "materials": 0
    },
    {
      "gpu": {
        "buffers": 1,
        "textures": 2,
        "querySets": 0,
        "estimatedBytes": 41353216
      },
      "entities": 0,
      "parts": 0,
      "geometries": 0,
      "materials": 0
    }
  ]
}
