{
  "summary": {
    "walk-warm": {
      "samples": 48,
      "medianMs": 8.894999980926514,
      "p95Ms": 19.75
    },
    "walk-repeat": {
      "samples": 48,
      "medianMs": 9.035000026226044,
      "p95Ms": 16.475000023841858
    },
    "rooms-warm": {
      "samples": 22,
      "medianMs": 24.144999980926514,
      "p95Ms": 55.5
    },
    "rooms-repeat": {
      "samples": 22,
      "medianMs": 21.50499999523163,
      "p95Ms": 38.61500000953674
    },
    "transfer-warm": {
      "samples": 24,
      "medianMs": 20.194999992847443,
      "p95Ms": 37.27500003576279
    },
    "transfer-repeat": {
      "samples": 24,
      "medianMs": 19.089999973773956,
      "p95Ms": 22.335000038146973
    },
    "nested-warm": {
      "samples": 16,
      "medianMs": 62.17500001192093,
      "p95Ms": 100.96499997377396
    },
    "nested-repeat": {
      "samples": 16,
      "medianMs": 67.56999999284744,
      "p95Ms": 178.47500002384186
    },
    "recursive-warm": {
      "samples": 16,
      "medianMs": 6.889999985694885,
      "p95Ms": 8.7950000166893
    },
    "recursive-repeat": {
      "samples": 16,
      "medianMs": 7.024999976158142,
      "p95Ms": 16.049999952316284
    },
    "idleTwoFrames": {
      "samples": 30,
      "medianMs": 33.3299999833107,
      "p95Ms": 33.87000000476837
    }
  },
  "samples": [
    {
      "name": "start",
      "entities": 1444,
      "parts": 1440,
      "createdParts": 1440,
      "destroyedParts": 0,
      "rebuilds": 2,
      "transformWrites": 3,
      "geometries": 92,
      "materials": 23,
      "labels": 11,
      "sceneExtractions": 1,
      "gpu": {
        "buffers": 535,
        "textures": 13,
        "querySets": 0,
        "estimatedBytes": 144082216
      }
    },
    {
      "name": "walk-warm",
      "entities": 1444,
      "parts": 1440,
      "createdParts": 1440,
      "destroyedParts": 0,
      "rebuilds": 50,
      "transformWrites": 1347,
      "geometries": 92,
      "materials": 23,
      "labels": 11,
      "sceneExtractions": 49,
      "gpu": {
        "buffers": 509,
        "textures": 13,
        "querySets": 0,
        "estimatedBytes": 143459448
      }
    },
    {
      "name": "walk-repeat",
      "entities": 1444,
      "parts": 1440,
      "createdParts": 1440,
      "destroyedParts": 0,
      "rebuilds": 98,
      "transformWrites": 2691,
      "geometries": 92,
      "materials": 23,
      "labels": 11,
      "sceneExtractions": 97,
      "gpu": {
        "buffers": 509,
        "textures": 13,
        "querySets": 0,
        "estimatedBytes": 143459448
      }
    },
    {
      "name": "rooms-warm",
      "entities": 1701,
      "parts": 1697,
      "createdParts": 8416,
      "destroyedParts": 6719,
      "rebuilds": 120,
      "transformWrites": 76078,
      "geometries": 143,
      "materials": 27,
      "labels": 10,
      "sceneExtractions": 119,
      "gpu": {
        "buffers": 724,
        "textures": 13,
        "querySets": 0,
        "estimatedBytes": 145152032
      }
    },
    {
      "name": "rooms-repeat",
      "entities": 1701,
      "parts": 1697,
      "createdParts": 16598,
      "destroyedParts": 14901,
      "rebuilds": 142,
      "transformWrites": 149920,
      "geometries": 143,
      "materials": 27,
      "labels": 10,
      "sceneExtractions": 141,
      "gpu": {
        "buffers": 724,
        "textures": 13,
        "querySets": 0,
        "estimatedBytes": 145152032
      }
    },
    {
      "name": "transfer-warm",
      "entities": 1695,
      "parts": 1691,
      "createdParts": 16782,
      "destroyedParts": 15091,
      "rebuilds": 166,
      "transformWrites": 216288,
      "geometries": 143,
      "materials": 27,
      "labels": 10,
      "sceneExtractions": 165,
      "gpu": {
        "buffers": 714,
        "textures": 13,
        "querySets": 0,
        "estimatedBytes": 145104096
      }
    },
    {
      "name": "transfer-repeat",
      "entities": 1695,
      "parts": 1691,
      "createdParts": 16782,
      "destroyedParts": 15091,
      "rebuilds": 190,
      "transformWrites": 281352,
      "geometries": 143,
      "materials": 27,
      "labels": 10,
      "sceneExtractions": 189,
      "gpu": {
        "buffers": 714,
        "textures": 13,
        "querySets": 0,
        "estimatedBytes": 145104096
      }
    },
    {
      "name": "nested-warm",
      "entities": 3376,
      "parts": 3372,
      "createdParts": 74183,
      "destroyedParts": 70811,
      "rebuilds": 223,
      "transformWrites": 388649,
      "geometries": 256,
      "materials": 29,
      "labels": 13,
      "sceneExtractions": 206,
      "gpu": {
        "buffers": 1182,
        "textures": 13,
        "querySets": 0,
        "estimatedBytes": 148839936
      }
    },
    {
      "name": "nested-repeat",
      "entities": 3376,
      "parts": 3372,
      "createdParts": 128711,
      "destroyedParts": 125339,
      "rebuilds": 255,
      "transformWrites": 493889,
      "geometries": 256,
      "materials": 29,
      "labels": 13,
      "sceneExtractions": 222,
      "gpu": {
        "buffers": 1182,
        "textures": 13,
        "querySets": 0,
        "estimatedBytes": 148839936
      }
    },
    {
      "name": "recursive-warm",
      "entities": 1348,
      "parts": 1344,
      "createdParts": 128876,
      "destroyedParts": 127532,
      "rebuilds": 272,
      "transformWrites": 516616,
      "geometries": 256,
      "materials": 29,
      "labels": 0,
      "sceneExtractions": 239,
      "gpu": {
        "buffers": 515,
        "textures": 13,
        "querySets": 0,
        "estimatedBytes": 145561248
      }
    },
    {
      "name": "recursive-repeat",
      "entities": 1348,
      "parts": 1344,
      "createdParts": 128876,
      "destroyedParts": 127532,
      "rebuilds": 288,
      "transformWrites": 536920,
      "geometries": 256,
      "materials": 29,
      "labels": 0,
      "sceneExtractions": 255,
      "gpu": {
        "buffers": 515,
        "textures": 13,
        "querySets": 0,
        "estimatedBytes": 145561248
      }
    },
    {
      "name": "idle-start",
      "entities": 1444,
      "parts": 1440,
      "createdParts": 130082,
      "destroyedParts": 128642,
      "rebuilds": 289,
      "transformWrites": 537381,
      "geometries": 256,
      "materials": 29,
      "labels": 11,
      "sceneExtractions": 256,
      "gpu": {
        "buffers": 509,
        "textures": 13,
        "querySets": 0,
        "estimatedBytes": 145327224
      }
    },
    {
      "name": "idle-end",
      "entities": 1444,
      "parts": 1440,
      "createdParts": 130082,
      "destroyedParts": 128642,
      "rebuilds": 289,
      "transformWrites": 537381,
      "geometries": 256,
      "materials": 29,
      "labels": 11,
      "sceneExtractions": 256,
      "gpu": {
        "buffers": 509,
        "textures": 13,
        "querySets": 0,
        "estimatedBytes": 145327224
      }
    }
  ],
  "teardown": [
    {
      "gpu": {
        "buffers": 1,
        "textures": 2,
        "querySets": 0,
        "estimatedBytes": 41353216
      },
      "entities": 0,
      "parts": 0,
      "geometries": 0,
      "materials": 0
    },
    {
      "gpu": {
        "buffers": 1,
        "textures": 2,
        "querySets": 0,
        "estimatedBytes": 41353216
      },
      "entities": 0,
      "parts": 0,
      "geometries": 0,
      "materials": 0
    },
    {
      "gpu": {
        "buffers": 1,
        "textures": 2,
        "querySets": 0,
        "estimatedBytes": 41353216
      },
      "entities": 0,
      "parts": 0,
      "geometries": 0,
      "materials": 0
    },
    {
      "gpu": {
        "buffers": 1,
        "textures": 2,
        "querySets": 0,
        "estimatedBytes": 41353216
      },
      "entities": 0,
      "parts": 0,
      "geometries": 0,
      "materials": 0
    }
  ]
}
