{
  "summary": {
    "walk-warm": {
      "samples": 48,
      "medianMs": 7.740000009536743,
      "p95Ms": 12.405000030994415
    },
    "walk-repeat": {
      "samples": 48,
      "medianMs": 5.800000011920929,
      "p95Ms": 11.550000011920929
    },
    "rooms-warm": {
      "samples": 22,
      "medianMs": 30.680000007152557,
      "p95Ms": 55.8299999833107
    },
    "rooms-repeat": {
      "samples": 22,
      "medianMs": 28.724999964237213,
      "p95Ms": 46.080000042915344
    },
    "transfer-warm": {
      "samples": 24,
      "medianMs": 27.189999997615814,
      "p95Ms": 31.919999957084656
    },
    "transfer-repeat": {
      "samples": 24,
      "medianMs": 26.5799999833107,
      "p95Ms": 29.839999973773956
    },
    "nested-warm": {
      "samples": 16,
      "medianMs": 102.06499999761581,
      "p95Ms": 261.6100000143051
    },
    "nested-repeat": {
      "samples": 16,
      "medianMs": 86.15499997138977,
      "p95Ms": 98.10499995946884
    },
    "recursive-warm": {
      "samples": 16,
      "medianMs": 6.064999997615814,
      "p95Ms": 7.224999964237213
    },
    "recursive-repeat": {
      "samples": 16,
      "medianMs": 5.634999990463257,
      "p95Ms": 6.634999990463257
    },
    "idleTwoFrames": {
      "samples": 30,
      "medianMs": 33.2950000166893,
      "p95Ms": 34.125
    }
  },
  "samples": [
    {
      "name": "start",
      "entities": 1466,
      "parts": 1462,
      "createdParts": 1462,
      "destroyedParts": 0,
      "rebuilds": 2,
      "wallLayoutBuilds": 24,
      "occlusionPasses": 1,
      "transformWrites": 6,
      "geometries": 98,
      "materials": 23,
      "labels": 1,
      "sceneExtractions": 1,
      "frustumCulling": true,
      "visibleMeshes": 1462,
      "totalMeshes": 1462,
      "gpu": {
        "buffers": 581,
        "textures": 13,
        "querySets": 0,
        "estimatedBytes": 145455704
      }
    },
    {
      "name": "walk-warm",
      "entities": 1466,
      "parts": 1462,
      "createdParts": 1462,
      "destroyedParts": 0,
      "rebuilds": 50,
      "wallLayoutBuilds": 24,
      "occlusionPasses": 49,
      "transformWrites": 2214,
      "geometries": 98,
      "materials": 23,
      "labels": 1,
      "sceneExtractions": 49,
      "frustumCulling": true,
      "visibleMeshes": 1462,
      "totalMeshes": 1462,
      "gpu": {
        "buffers": 539,
        "textures": 13,
        "querySets": 0,
        "estimatedBytes": 144214904
      }
    },
    {
      "name": "walk-repeat",
      "entities": 1466,
      "parts": 1462,
      "createdParts": 1462,
      "destroyedParts": 0,
      "rebuilds": 98,
      "wallLayoutBuilds": 24,
      "occlusionPasses": 97,
      "transformWrites": 4422,
      "geometries": 98,
      "materials": 23,
      "labels": 1,
      "sceneExtractions": 97,
      "frustumCulling": true,
      "visibleMeshes": 1462,
      "totalMeshes": 1462,
      "gpu": {
        "buffers": 539,
        "textures": 13,
        "querySets": 0,
        "estimatedBytes": 144214904
      }
    },
    {
      "name": "rooms-warm",
      "entities": 1723,
      "parts": 1719,
      "createdParts": 8524,
      "destroyedParts": 6805,
      "rebuilds": 120,
      "wallLayoutBuilds": 300,
      "occlusionPasses": 119,
      "transformWrites": 78607,
      "geometries": 149,
      "materials": 27,
      "labels": 1,
      "sceneExtractions": 119,
      "frustumCulling": true,
      "visibleMeshes": 402,
      "totalMeshes": 532,
      "gpu": {
        "buffers": 526,
        "textures": 13,
        "querySets": 0,
        "estimatedBytes": 144187080
      }
    },
    {
      "name": "rooms-repeat",
      "entities": 1723,
      "parts": 1719,
      "createdParts": 16802,
      "destroyedParts": 15083,
      "rebuilds": 142,
      "wallLayoutBuilds": 576,
      "occlusionPasses": 141,
      "transformWrites": 153259,
      "geometries": 149,
      "materials": 27,
      "labels": 1,
      "sceneExtractions": 141,
      "frustumCulling": true,
      "visibleMeshes": 402,
      "totalMeshes": 532,
      "gpu": {
        "buffers": 526,
        "textures": 13,
        "querySets": 0,
        "estimatedBytes": 144187080
      }
    },
    {
      "name": "transfer-warm",
      "entities": 1717,
      "parts": 1713,
      "createdParts": 16986,
      "destroyedParts": 15273,
      "rebuilds": 166,
      "wallLayoutBuilds": 732,
      "occlusionPasses": 165,
      "transformWrites": 220549,
      "geometries": 149,
      "materials": 27,
      "labels": 1,
      "sceneExtractions": 165,
      "frustumCulling": true,
      "visibleMeshes": 390,
      "totalMeshes": 673,
      "gpu": {
        "buffers": 552,
        "textures": 13,
        "querySets": 0,
        "estimatedBytes": 144226352
      }
    },
    {
      "name": "transfer-repeat",
      "entities": 1717,
      "parts": 1713,
      "createdParts": 16986,
      "destroyedParts": 15273,
      "rebuilds": 190,
      "wallLayoutBuilds": 888,
      "occlusionPasses": 189,
      "transformWrites": 286525,
      "geometries": 149,
      "materials": 27,
      "labels": 1,
      "sceneExtractions": 189,
      "frustumCulling": true,
      "visibleMeshes": 390,
      "totalMeshes": 673,
      "gpu": {
        "buffers": 552,
        "textures": 13,
        "querySets": 0,
        "estimatedBytes": 144226352
      }
    },
    {
      "name": "nested-warm",
      "entities": 5123,
      "parts": 5119,
      "createdParts": 88546,
      "destroyedParts": 83427,
      "rebuilds": 223,
      "wallLayoutBuilds": 906,
      "occlusionPasses": 198,
      "transformWrites": 471039,
      "geometries": 256,
      "materials": 30,
      "labels": 9,
      "sceneExtractions": 206,
      "frustumCulling": true,
      "visibleMeshes": 2076,
      "totalMeshes": 2081,
      "gpu": {
        "buffers": 1103,
        "textures": 13,
        "querySets": 0,
        "estimatedBytes": 148442568
      }
    },
    {
      "name": "nested-repeat",
      "entities": 5123,
      "parts": 5119,
      "createdParts": 155498,
      "destroyedParts": 150379,
      "rebuilds": 255,
      "wallLayoutBuilds": 906,
      "occlusionPasses": 206,
      "transformWrites": 651743,
      "geometries": 256,
      "materials": 30,
      "labels": 9,
      "sceneExtractions": 222,
      "frustumCulling": true,
      "visibleMeshes": 2076,
      "totalMeshes": 2081,
      "gpu": {
        "buffers": 1103,
        "textures": 13,
        "querySets": 0,
        "estimatedBytes": 148442568
      }
    },
    {
      "name": "recursive-warm",
      "entities": 1396,
      "parts": 1392,
      "createdParts": 155699,
      "destroyedParts": 154307,
      "rebuilds": 272,
      "wallLayoutBuilds": 907,
      "occlusionPasses": 206,
      "transformWrites": 676516,
      "geometries": 256,
      "materials": 30,
      "labels": 0,
      "sceneExtractions": 239,
      "frustumCulling": true,
      "visibleMeshes": 807,
      "totalMeshes": 1037,
      "gpu": {
        "buffers": 566,
        "textures": 13,
        "querySets": 0,
        "estimatedBytes": 145788464
      }
    },
    {
      "name": "recursive-repeat",
      "entities": 1396,
      "parts": 1392,
      "createdParts": 155699,
      "destroyedParts": 154307,
      "rebuilds": 288,
      "wallLayoutBuilds": 907,
      "occlusionPasses": 206,
      "transformWrites": 698804,
      "geometries": 256,
      "materials": 30,
      "labels": 0,
      "sceneExtractions": 255,
      "frustumCulling": true,
      "visibleMeshes": 807,
      "totalMeshes": 1037,
      "gpu": {
        "buffers": 566,
        "textures": 13,
        "querySets": 0,
        "estimatedBytes": 145788464
      }
    },
    {
      "name": "idle-start",
      "entities": 1466,
      "parts": 1462,
      "createdParts": 156915,
      "destroyedParts": 155453,
      "rebuilds": 289,
      "wallLayoutBuilds": 919,
      "occlusionPasses": 207,
      "transformWrites": 699283,
      "geometries": 256,
      "materials": 30,
      "labels": 1,
      "sceneExtractions": 256,
      "frustumCulling": true,
      "visibleMeshes": 1462,
      "totalMeshes": 1462,
      "gpu": {
        "buffers": 539,
        "textures": 13,
        "querySets": 0,
        "estimatedBytes": 145460088
      }
    },
    {
      "name": "idle-end",
      "entities": 1466,
      "parts": 1462,
      "createdParts": 156915,
      "destroyedParts": 155453,
      "rebuilds": 289,
      "wallLayoutBuilds": 919,
      "occlusionPasses": 207,
      "transformWrites": 699283,
      "geometries": 256,
      "materials": 30,
      "labels": 1,
      "sceneExtractions": 256,
      "frustumCulling": true,
      "visibleMeshes": 1462,
      "totalMeshes": 1462,
      "gpu": {
        "buffers": 539,
        "textures": 13,
        "querySets": 0,
        "estimatedBytes": 145460088
      }
    }
  ],
  "teardown": [
    {
      "gpu": {
        "buffers": 1,
        "textures": 2,
        "querySets": 0,
        "estimatedBytes": 41353216
      },
      "entities": 0,
      "parts": 0,
      "geometries": 0,
      "materials": 0
    },
    {
      "gpu": {
        "buffers": 1,
        "textures": 2,
        "querySets": 0,
        "estimatedBytes": 41353216
      },
      "entities": 0,
      "parts": 0,
      "geometries": 0,
      "materials": 0
    },
    {
      "gpu": {
        "buffers": 1,
        "textures": 2,
        "querySets": 0,
        "estimatedBytes": 41353216
      },
      "entities": 0,
      "parts": 0,
      "geometries": 0,
      "materials": 0
    },
    {
      "gpu": {
        "buffers": 1,
        "textures": 2,
        "querySets": 0,
        "estimatedBytes": 41353216
      },
      "entities": 0,
      "parts": 0,
      "geometries": 0,
      "materials": 0
    }
  ]
}
