{
  "summary": {
    "walk-warm": {
      "samples": 48,
      "medianMs": 9.444999992847443,
      "p95Ms": 12.269999980926514
    },
    "walk-repeat": {
      "samples": 48,
      "medianMs": 9.365000009536743,
      "p95Ms": 11.289999961853027
    },
    "rooms-warm": {
      "samples": 22,
      "medianMs": 10.074999988079071,
      "p95Ms": 25.060000002384186
    },
    "rooms-repeat": {
      "samples": 22,
      "medianMs": 10.215000033378601,
      "p95Ms": 23.310000002384186
    },
    "transfer-warm": {
      "samples": 24,
      "medianMs": 12.049999952316284,
      "p95Ms": 13.264999985694885
    },
    "transfer-repeat": {
      "samples": 24,
      "medianMs": 12.089999973773956,
      "p95Ms": 13.040000021457672
    },
    "nested-warm": {
      "samples": 16,
      "medianMs": 43.32000005245209,
      "p95Ms": 58.830000042915344
    },
    "nested-repeat": {
      "samples": 16,
      "medianMs": 39.47999995946884,
      "p95Ms": 56.544999957084656
    },
    "idleTwoFrames": {
      "samples": 30,
      "medianMs": 33.35000002384186,
      "p95Ms": 34.06999999284744
    }
  },
  "samples": [
    {
      "name": "start",
      "entities": 1309,
      "parts": 1305,
      "createdParts": 1305,
      "destroyedParts": 0,
      "rebuilds": 2,
      "transformWrites": 3,
      "geometries": 76,
      "materials": 22,
      "labels": 11,
      "sceneExtractions": 1,
      "gpu": {
        "buffers": 454,
        "textures": 13,
        "querySets": 0,
        "estimatedBytes": 143681096
      }
    },
    {
      "name": "walk-warm",
      "entities": 1309,
      "parts": 1305,
      "createdParts": 1305,
      "destroyedParts": 0,
      "rebuilds": 50,
      "transformWrites": 1347,
      "geometries": 76,
      "materials": 22,
      "labels": 11,
      "sceneExtractions": 49,
      "gpu": {
        "buffers": 428,
        "textures": 13,
        "querySets": 0,
        "estimatedBytes": 143058328
      }
    },
    {
      "name": "walk-repeat",
      "entities": 1309,
      "parts": 1305,
      "createdParts": 1305,
      "destroyedParts": 0,
      "rebuilds": 98,
      "transformWrites": 2691,
      "geometries": 76,
      "materials": 22,
      "labels": 11,
      "sceneExtractions": 97,
      "gpu": {
        "buffers": 428,
        "textures": 13,
        "querySets": 0,
        "estimatedBytes": 143058328
      }
    },
    {
      "name": "rooms-warm",
      "entities": 381,
      "parts": 377,
      "createdParts": 2443,
      "destroyedParts": 2066,
      "rebuilds": 120,
      "transformWrites": 6836,
      "geometries": 118,
      "materials": 27,
      "labels": 0,
      "sceneExtractions": 119,
      "gpu": {
        "buffers": 332,
        "textures": 13,
        "querySets": 0,
        "estimatedBytes": 142764248
      }
    },
    {
      "name": "rooms-repeat",
      "entities": 381,
      "parts": 377,
      "createdParts": 4509,
      "destroyedParts": 4132,
      "rebuilds": 142,
      "transformWrites": 11372,
      "geometries": 118,
      "materials": 27,
      "labels": 0,
      "sceneExtractions": 141,
      "gpu": {
        "buffers": 332,
        "textures": 13,
        "querySets": 0,
        "estimatedBytes": 142764248
      }
    },
    {
      "name": "transfer-warm",
      "entities": 369,
      "parts": 365,
      "createdParts": 4533,
      "destroyedParts": 4168,
      "rebuilds": 166,
      "transformWrites": 13973,
      "geometries": 118,
      "materials": 29,
      "labels": 0,
      "sceneExtractions": 165,
      "gpu": {
        "buffers": 322,
        "textures": 13,
        "querySets": 0,
        "estimatedBytes": 142714184
      }
    },
    {
      "name": "transfer-repeat",
      "entities": 369,
      "parts": 365,
      "createdParts": 4557,
      "destroyedParts": 4192,
      "rebuilds": 190,
      "transformWrites": 16325,
      "geometries": 118,
      "materials": 29,
      "labels": 0,
      "sceneExtractions": 189,
      "gpu": {
        "buffers": 322,
        "textures": 13,
        "querySets": 0,
        "estimatedBytes": 142714184
      }
    },
    {
      "name": "nested-warm",
      "entities": 1944,
      "parts": 1940,
      "createdParts": 36028,
      "destroyedParts": 34088,
      "rebuilds": 223,
      "transformWrites": 50980,
      "geometries": 217,
      "materials": 29,
      "labels": 9,
      "sceneExtractions": 206,
      "gpu": {
        "buffers": 692,
        "textures": 13,
        "querySets": 0,
        "estimatedBytes": 144551656
      }
    },
    {
      "name": "nested-repeat",
      "entities": 1944,
      "parts": 1940,
      "createdParts": 65924,
      "destroyedParts": 63984,
      "rebuilds": 255,
      "transformWrites": 85220,
      "geometries": 217,
      "materials": 29,
      "labels": 9,
      "sceneExtractions": 222,
      "gpu": {
        "buffers": 692,
        "textures": 13,
        "querySets": 0,
        "estimatedBytes": 144551656
      }
    },
    {
      "name": "idle-start",
      "entities": 1309,
      "parts": 1305,
      "createdParts": 65924,
      "destroyedParts": 64619,
      "rebuilds": 256,
      "transformWrites": 86542,
      "geometries": 217,
      "materials": 29,
      "labels": 11,
      "sceneExtractions": 223,
      "gpu": {
        "buffers": 428,
        "textures": 13,
        "querySets": 0,
        "estimatedBytes": 143058328
      }
    },
    {
      "name": "idle-end",
      "entities": 1309,
      "parts": 1305,
      "createdParts": 65924,
      "destroyedParts": 64619,
      "rebuilds": 256,
      "transformWrites": 86542,
      "geometries": 217,
      "materials": 29,
      "labels": 11,
      "sceneExtractions": 223,
      "gpu": {
        "buffers": 428,
        "textures": 13,
        "querySets": 0,
        "estimatedBytes": 143058328
      }
    }
  ],
  "teardown": [
    {
      "gpu": {
        "buffers": 1,
        "textures": 2,
        "querySets": 0,
        "estimatedBytes": 41353216
      },
      "entities": 0,
      "parts": 0,
      "geometries": 0,
      "materials": 0
    },
    {
      "gpu": {
        "buffers": 1,
        "textures": 2,
        "querySets": 0,
        "estimatedBytes": 41353216
      },
      "entities": 0,
      "parts": 0,
      "geometries": 0,
      "materials": 0
    },
    {
      "gpu": {
        "buffers": 1,
        "textures": 2,
        "querySets": 0,
        "estimatedBytes": 41353216
      },
      "entities": 0,
      "parts": 0,
      "geometries": 0,
      "materials": 0
    },
    {
      "gpu": {
        "buffers": 1,
        "textures": 2,
        "querySets": 0,
        "estimatedBytes": 41353216
      },
      "entities": 0,
      "parts": 0,
      "geometries": 0,
      "materials": 0
    }
  ]
}
