{
  "summary": {
    "walk-warm": {
      "samples": 48,
      "medianMs": 7.0799999833106995,
      "p95Ms": 10.430000007152557
    },
    "walk-repeat": {
      "samples": 48,
      "medianMs": 7.115000009536743,
      "p95Ms": 13.384999990463257
    },
    "rooms-warm": {
      "samples": 22,
      "medianMs": 7.509999990463257,
      "p95Ms": 18.25
    },
    "rooms-repeat": {
      "samples": 22,
      "medianMs": 7.194999992847443,
      "p95Ms": 17.730000019073486
    },
    "transfer-warm": {
      "samples": 24,
      "medianMs": 8.2049999833107,
      "p95Ms": 10.120000004768372
    },
    "transfer-repeat": {
      "samples": 24,
      "medianMs": 8.125,
      "p95Ms": 9.974999964237213
    },
    "nested-warm": {
      "samples": 16,
      "medianMs": 30.165000021457672,
      "p95Ms": 45.15499997138977
    },
    "nested-repeat": {
      "samples": 16,
      "medianMs": 30.310000002384186,
      "p95Ms": 39.69999998807907
    },
    "idleTwoFrames": {
      "samples": 30,
      "medianMs": 33.58499997854233,
      "p95Ms": 35.28999996185303
    }
  },
  "samples": [
    {
      "name": "start",
      "entities": 1442,
      "parts": 1438,
      "createdParts": 1438,
      "destroyedParts": 0,
      "rebuilds": 2,
      "transformWrites": 3,
      "geometries": 92,
      "materials": 23,
      "labels": 11,
      "sceneExtractions": 1,
      "gpu": {
        "buffers": 535,
        "textures": 13,
        "querySets": 0,
        "estimatedBytes": 144082216
      }
    },
    {
      "name": "walk-warm",
      "entities": 1442,
      "parts": 1438,
      "createdParts": 1438,
      "destroyedParts": 0,
      "rebuilds": 50,
      "transformWrites": 1347,
      "geometries": 92,
      "materials": 23,
      "labels": 11,
      "sceneExtractions": 49,
      "gpu": {
        "buffers": 509,
        "textures": 13,
        "querySets": 0,
        "estimatedBytes": 143459448
      }
    },
    {
      "name": "walk-repeat",
      "entities": 1442,
      "parts": 1438,
      "createdParts": 1438,
      "destroyedParts": 0,
      "rebuilds": 98,
      "transformWrites": 2691,
      "geometries": 92,
      "materials": 23,
      "labels": 11,
      "sceneExtractions": 97,
      "gpu": {
        "buffers": 509,
        "textures": 13,
        "querySets": 0,
        "estimatedBytes": 143459448
      }
    },
    {
      "name": "rooms-warm",
      "entities": 393,
      "parts": 389,
      "createdParts": 3996,
      "destroyedParts": 3607,
      "rebuilds": 120,
      "transformWrites": 5651,
      "geometries": 144,
      "materials": 27,
      "labels": 0,
      "sceneExtractions": 119,
      "gpu": {
        "buffers": 372,
        "textures": 13,
        "querySets": 0,
        "estimatedBytes": 142964504
      }
    },
    {
      "name": "rooms-repeat",
      "entities": 393,
      "parts": 389,
      "createdParts": 7758,
      "destroyedParts": 7369,
      "rebuilds": 142,
      "transformWrites": 8843,
      "geometries": 144,
      "materials": 27,
      "labels": 0,
      "sceneExtractions": 141,
      "gpu": {
        "buffers": 372,
        "textures": 13,
        "querySets": 0,
        "estimatedBytes": 142964504
      }
    },
    {
      "name": "transfer-warm",
      "entities": 379,
      "parts": 375,
      "createdParts": 7839,
      "destroyedParts": 7464,
      "rebuilds": 166,
      "transformWrites": 10933,
      "geometries": 144,
      "materials": 27,
      "labels": 0,
      "sceneExtractions": 165,
      "gpu": {
        "buffers": 360,
        "textures": 13,
        "querySets": 0,
        "estimatedBytes": 142915352
      }
    },
    {
      "name": "transfer-repeat",
      "entities": 379,
      "parts": 375,
      "createdParts": 7839,
      "destroyedParts": 7464,
      "rebuilds": 190,
      "transformWrites": 12829,
      "geometries": 144,
      "materials": 27,
      "labels": 0,
      "sceneExtractions": 189,
      "gpu": {
        "buffers": 360,
        "textures": 13,
        "querySets": 0,
        "estimatedBytes": 142915352
      }
    },
    {
      "name": "nested-warm",
      "entities": 2069,
      "parts": 2065,
      "createdParts": 41698,
      "destroyedParts": 39633,
      "rebuilds": 223,
      "transformWrites": 39655,
      "geometries": 256,
      "materials": 27,
      "labels": 9,
      "sceneExtractions": 206,
      "gpu": {
        "buffers": 1042,
        "textures": 13,
        "querySets": 0,
        "estimatedBytes": 146926488
      }
    },
    {
      "name": "nested-repeat",
      "entities": 2069,
      "parts": 2065,
      "createdParts": 73786,
      "destroyedParts": 71721,
      "rebuilds": 255,
      "transformWrites": 66151,
      "geometries": 256,
      "materials": 27,
      "labels": 9,
      "sceneExtractions": 222,
      "gpu": {
        "buffers": 1042,
        "textures": 13,
        "querySets": 0,
        "estimatedBytes": 146926488
      }
    },
    {
      "name": "idle-start",
      "entities": 1442,
      "parts": 1438,
      "createdParts": 74990,
      "destroyedParts": 73552,
      "rebuilds": 256,
      "transformWrites": 66389,
      "geometries": 256,
      "materials": 27,
      "labels": 11,
      "sceneExtractions": 223,
      "gpu": {
        "buffers": 509,
        "textures": 13,
        "querySets": 0,
        "estimatedBytes": 144082040
      }
    },
    {
      "name": "idle-end",
      "entities": 1442,
      "parts": 1438,
      "createdParts": 74990,
      "destroyedParts": 73552,
      "rebuilds": 256,
      "transformWrites": 66389,
      "geometries": 256,
      "materials": 27,
      "labels": 11,
      "sceneExtractions": 223,
      "gpu": {
        "buffers": 509,
        "textures": 13,
        "querySets": 0,
        "estimatedBytes": 144082040
      }
    }
  ],
  "teardown": [
    {
      "gpu": {
        "buffers": 1,
        "textures": 2,
        "querySets": 0,
        "estimatedBytes": 41353216
      },
      "entities": 0,
      "parts": 0,
      "geometries": 0,
      "materials": 0
    },
    {
      "gpu": {
        "buffers": 1,
        "textures": 2,
        "querySets": 0,
        "estimatedBytes": 41353216
      },
      "entities": 0,
      "parts": 0,
      "geometries": 0,
      "materials": 0
    },
    {
      "gpu": {
        "buffers": 1,
        "textures": 2,
        "querySets": 0,
        "estimatedBytes": 41353216
      },
      "entities": 0,
      "parts": 0,
      "geometries": 0,
      "materials": 0
    },
    {
      "gpu": {
        "buffers": 1,
        "textures": 2,
        "querySets": 0,
        "estimatedBytes": 41353216
      },
      "entities": 0,
      "parts": 0,
      "geometries": 0,
      "materials": 0
    }
  ]
}
