{
  "summary": {
    "walk-warm": {
      "samples": 48,
      "medianMs": 8.189999997615814,
      "p95Ms": 11.040000021457672
    },
    "walk-repeat": {
      "samples": 48,
      "medianMs": 7.659999966621399,
      "p95Ms": 8.754999995231628
    },
    "rooms-warm": {
      "samples": 22,
      "medianMs": 26.674999952316284,
      "p95Ms": 43.419999957084656
    },
    "rooms-repeat": {
      "samples": 22,
      "medianMs": 26.589999973773956,
      "p95Ms": 41.435000002384186
    },
    "transfer-warm": {
      "samples": 24,
      "medianMs": 27.615000009536743,
      "p95Ms": 29.514999985694885
    },
    "transfer-repeat": {
      "samples": 24,
      "medianMs": 27.644999980926514,
      "p95Ms": 30.194999992847443
    },
    "nested-warm": {
      "samples": 16,
      "medianMs": 85.79000002145767,
      "p95Ms": 168.41999995708466
    },
    "nested-repeat": {
      "samples": 16,
      "medianMs": 86.17500001192093,
      "p95Ms": 126.24500000476837
    },
    "recursive-warm": {
      "samples": 16,
      "medianMs": 6.030000030994415,
      "p95Ms": 7.274999976158142
    },
    "recursive-repeat": {
      "samples": 16,
      "medianMs": 5.564999997615814,
      "p95Ms": 6.594999969005585
    },
    "idleTwoFrames": {
      "samples": 30,
      "medianMs": 33.325000047683716,
      "p95Ms": 33.60999995470047
    }
  },
  "samples": [
    {
      "name": "start",
      "entities": 1466,
      "parts": 1462,
      "createdParts": 1462,
      "destroyedParts": 0,
      "rebuilds": 2,
      "transformWrites": 6,
      "geometries": 98,
      "materials": 23,
      "labels": 1,
      "sceneExtractions": 1,
      "frustumCulling": true,
      "visibleMeshes": 1462,
      "totalMeshes": 1462,
      "gpu": {
        "buffers": 581,
        "textures": 13,
        "querySets": 0,
        "estimatedBytes": 145455704
      }
    },
    {
      "name": "walk-warm",
      "entities": 1466,
      "parts": 1462,
      "createdParts": 1462,
      "destroyedParts": 0,
      "rebuilds": 50,
      "transformWrites": 2214,
      "geometries": 98,
      "materials": 23,
      "labels": 1,
      "sceneExtractions": 49,
      "frustumCulling": true,
      "visibleMeshes": 1462,
      "totalMeshes": 1462,
      "gpu": {
        "buffers": 539,
        "textures": 13,
        "querySets": 0,
        "estimatedBytes": 144214904
      }
    },
    {
      "name": "walk-repeat",
      "entities": 1466,
      "parts": 1462,
      "createdParts": 1462,
      "destroyedParts": 0,
      "rebuilds": 98,
      "transformWrites": 4422,
      "geometries": 98,
      "materials": 23,
      "labels": 1,
      "sceneExtractions": 97,
      "frustumCulling": true,
      "visibleMeshes": 1462,
      "totalMeshes": 1462,
      "gpu": {
        "buffers": 539,
        "textures": 13,
        "querySets": 0,
        "estimatedBytes": 144214904
      }
    },
    {
      "name": "rooms-warm",
      "entities": 1723,
      "parts": 1719,
      "createdParts": 8524,
      "destroyedParts": 6805,
      "rebuilds": 120,
      "transformWrites": 78607,
      "geometries": 149,
      "materials": 27,
      "labels": 1,
      "sceneExtractions": 119,
      "frustumCulling": true,
      "visibleMeshes": 402,
      "totalMeshes": 532,
      "gpu": {
        "buffers": 526,
        "textures": 13,
        "querySets": 0,
        "estimatedBytes": 144187080
      }
    },
    {
      "name": "rooms-repeat",
      "entities": 1723,
      "parts": 1719,
      "createdParts": 16802,
      "destroyedParts": 15083,
      "rebuilds": 142,
      "transformWrites": 153259,
      "geometries": 149,
      "materials": 27,
      "labels": 1,
      "sceneExtractions": 141,
      "frustumCulling": true,
      "visibleMeshes": 402,
      "totalMeshes": 532,
      "gpu": {
        "buffers": 526,
        "textures": 13,
        "querySets": 0,
        "estimatedBytes": 144187080
      }
    },
    {
      "name": "transfer-warm",
      "entities": 1717,
      "parts": 1713,
      "createdParts": 16986,
      "destroyedParts": 15273,
      "rebuilds": 166,
      "transformWrites": 220549,
      "geometries": 149,
      "materials": 27,
      "labels": 1,
      "sceneExtractions": 165,
      "frustumCulling": true,
      "visibleMeshes": 390,
      "totalMeshes": 673,
      "gpu": {
        "buffers": 552,
        "textures": 13,
        "querySets": 0,
        "estimatedBytes": 144226352
      }
    },
    {
      "name": "transfer-repeat",
      "entities": 1717,
      "parts": 1713,
      "createdParts": 16986,
      "destroyedParts": 15273,
      "rebuilds": 190,
      "transformWrites": 286525,
      "geometries": 149,
      "materials": 27,
      "labels": 1,
      "sceneExtractions": 189,
      "frustumCulling": true,
      "visibleMeshes": 390,
      "totalMeshes": 673,
      "gpu": {
        "buffers": 552,
        "textures": 13,
        "querySets": 0,
        "estimatedBytes": 144226352
      }
    },
    {
      "name": "nested-warm",
      "entities": 5123,
      "parts": 5119,
      "createdParts": 88546,
      "destroyedParts": 83427,
      "rebuilds": 223,
      "transformWrites": 471039,
      "geometries": 256,
      "materials": 29,
      "labels": 9,
      "sceneExtractions": 206,
      "frustumCulling": true,
      "visibleMeshes": 2076,
      "totalMeshes": 2081,
      "gpu": {
        "buffers": 1102,
        "textures": 13,
        "querySets": 0,
        "estimatedBytes": 148441960
      }
    },
    {
      "name": "nested-repeat",
      "entities": 5123,
      "parts": 5119,
      "createdParts": 155498,
      "destroyedParts": 150379,
      "rebuilds": 255,
      "transformWrites": 651743,
      "geometries": 256,
      "materials": 29,
      "labels": 9,
      "sceneExtractions": 222,
      "frustumCulling": true,
      "visibleMeshes": 2076,
      "totalMeshes": 2081,
      "gpu": {
        "buffers": 1102,
        "textures": 13,
        "querySets": 0,
        "estimatedBytes": 148441960
      }
    },
    {
      "name": "recursive-warm",
      "entities": 1396,
      "parts": 1392,
      "createdParts": 155699,
      "destroyedParts": 154307,
      "rebuilds": 272,
      "transformWrites": 676516,
      "geometries": 256,
      "materials": 29,
      "labels": 0,
      "sceneExtractions": 239,
      "frustumCulling": true,
      "visibleMeshes": 807,
      "totalMeshes": 1037,
      "gpu": {
        "buffers": 565,
        "textures": 13,
        "querySets": 0,
        "estimatedBytes": 145787856
      }
    },
    {
      "name": "recursive-repeat",
      "entities": 1396,
      "parts": 1392,
      "createdParts": 155699,
      "destroyedParts": 154307,
      "rebuilds": 288,
      "transformWrites": 698804,
      "geometries": 256,
      "materials": 29,
      "labels": 0,
      "sceneExtractions": 255,
      "frustumCulling": true,
      "visibleMeshes": 807,
      "totalMeshes": 1037,
      "gpu": {
        "buffers": 565,
        "textures": 13,
        "querySets": 0,
        "estimatedBytes": 145787856
      }
    },
    {
      "name": "idle-start",
      "entities": 1466,
      "parts": 1462,
      "createdParts": 156915,
      "destroyedParts": 155453,
      "rebuilds": 289,
      "transformWrites": 699283,
      "geometries": 256,
      "materials": 29,
      "labels": 1,
      "sceneExtractions": 256,
      "frustumCulling": true,
      "visibleMeshes": 1462,
      "totalMeshes": 1462,
      "gpu": {
        "buffers": 539,
        "textures": 13,
        "querySets": 0,
        "estimatedBytes": 145460088
      }
    },
    {
      "name": "idle-end",
      "entities": 1466,
      "parts": 1462,
      "createdParts": 156915,
      "destroyedParts": 155453,
      "rebuilds": 289,
      "transformWrites": 699283,
      "geometries": 256,
      "materials": 29,
      "labels": 1,
      "sceneExtractions": 256,
      "frustumCulling": true,
      "visibleMeshes": 1462,
      "totalMeshes": 1462,
      "gpu": {
        "buffers": 539,
        "textures": 13,
        "querySets": 0,
        "estimatedBytes": 145460088
      }
    }
  ],
  "teardown": [
    {
      "gpu": {
        "buffers": 1,
        "textures": 2,
        "querySets": 0,
        "estimatedBytes": 41353216
      },
      "entities": 0,
      "parts": 0,
      "geometries": 0,
      "materials": 0
    },
    {
      "gpu": {
        "buffers": 1,
        "textures": 2,
        "querySets": 0,
        "estimatedBytes": 41353216
      },
      "entities": 0,
      "parts": 0,
      "geometries": 0,
      "materials": 0
    },
    {
      "gpu": {
        "buffers": 1,
        "textures": 2,
        "querySets": 0,
        "estimatedBytes": 41353216
      },
      "entities": 0,
      "parts": 0,
      "geometries": 0,
      "materials": 0
    },
    {
      "gpu": {
        "buffers": 1,
        "textures": 2,
        "querySets": 0,
        "estimatedBytes": 41353216
      },
      "entities": 0,
      "parts": 0,
      "geometries": 0,
      "materials": 0
    }
  ]
}
