{
  "summary": {
    "walk-warm": {
      "samples": 48,
      "medianMs": 5.590000033378601,
      "p95Ms": 7.235000014305115
    },
    "walk-repeat": {
      "samples": 48,
      "medianMs": 5.449999988079071,
      "p95Ms": 7.975000023841858
    },
    "rooms-warm": {
      "samples": 22,
      "medianMs": 5.664999961853027,
      "p95Ms": 15.425000011920929
    },
    "rooms-repeat": {
      "samples": 22,
      "medianMs": 5.239999949932098,
      "p95Ms": 14.259999990463257
    },
    "transfer-warm": {
      "samples": 24,
      "medianMs": 5.7049999833106995,
      "p95Ms": 6.764999985694885
    },
    "transfer-repeat": {
      "samples": 24,
      "medianMs": 5.425000011920929,
      "p95Ms": 6.48499995470047
    },
    "idleTwoFrames": {
      "samples": 30,
      "medianMs": 33.33499997854233,
      "p95Ms": 33.40499997138977
    }
  },
  "samples": [
    {
      "name": "start",
      "entities": 890,
      "parts": 886,
      "createdParts": 886,
      "destroyedParts": 0,
      "rebuilds": 2,
      "transformWrites": 3,
      "geometries": 59,
      "materials": 18,
      "labels": 11,
      "sceneExtractions": 1,
      "gpu": {
        "buffers": 363,
        "textures": 13,
        "querySets": 0,
        "estimatedBytes": 142151776
      }
    },
    {
      "name": "walk-warm",
      "entities": 890,
      "parts": 886,
      "createdParts": 886,
      "destroyedParts": 0,
      "rebuilds": 50,
      "transformWrites": 1347,
      "geometries": 59,
      "materials": 18,
      "labels": 11,
      "sceneExtractions": 49,
      "gpu": {
        "buffers": 339,
        "textures": 13,
        "querySets": 0,
        "estimatedBytes": 141840304
      }
    },
    {
      "name": "walk-repeat",
      "entities": 890,
      "parts": 886,
      "createdParts": 886,
      "destroyedParts": 0,
      "rebuilds": 98,
      "transformWrites": 2691,
      "geometries": 59,
      "materials": 18,
      "labels": 11,
      "sceneExtractions": 97,
      "gpu": {
        "buffers": 339,
        "textures": 13,
        "querySets": 0,
        "estimatedBytes": 141840304
      }
    },
    {
      "name": "rooms-warm",
      "entities": 368,
      "parts": 364,
      "createdParts": 1554,
      "destroyedParts": 1190,
      "rebuilds": 120,
      "transformWrites": 6131,
      "geometries": 91,
      "materials": 19,
      "labels": 0,
      "sceneExtractions": 119,
      "gpu": {
        "buffers": 336,
        "textures": 13,
        "querySets": 0,
        "estimatedBytes": 141985856
      }
    },
    {
      "name": "rooms-repeat",
      "entities": 368,
      "parts": 364,
      "createdParts": 2744,
      "destroyedParts": 2380,
      "rebuilds": 142,
      "transformWrites": 9933,
      "geometries": 91,
      "materials": 19,
      "labels": 0,
      "sceneExtractions": 141,
      "gpu": {
        "buffers": 336,
        "textures": 13,
        "querySets": 0,
        "estimatedBytes": 141985856
      }
    },
    {
      "name": "transfer-warm",
      "entities": 354,
      "parts": 350,
      "createdParts": 2756,
      "destroyedParts": 2406,
      "rebuilds": 166,
      "transformWrites": 11464,
      "geometries": 91,
      "materials": 21,
      "labels": 0,
      "sceneExtractions": 165,
      "gpu": {
        "buffers": 316,
        "textures": 13,
        "querySets": 0,
        "estimatedBytes": 141885728
      }
    },
    {
      "name": "transfer-repeat",
      "entities": 354,
      "parts": 350,
      "createdParts": 2768,
      "destroyedParts": 2418,
      "rebuilds": 190,
      "transformWrites": 12748,
      "geometries": 91,
      "materials": 21,
      "labels": 0,
      "sceneExtractions": 189,
      "gpu": {
        "buffers": 316,
        "textures": 13,
        "querySets": 0,
        "estimatedBytes": 141885728
      }
    },
    {
      "name": "idle-start",
      "entities": 890,
      "parts": 886,
      "createdParts": 3304,
      "destroyedParts": 2418,
      "rebuilds": 191,
      "transformWrites": 13116,
      "geometries": 91,
      "materials": 21,
      "labels": 11,
      "sceneExtractions": 190,
      "gpu": {
        "buffers": 339,
        "textures": 13,
        "querySets": 0,
        "estimatedBytes": 141840304
      }
    },
    {
      "name": "idle-end",
      "entities": 890,
      "parts": 886,
      "createdParts": 3304,
      "destroyedParts": 2418,
      "rebuilds": 191,
      "transformWrites": 13116,
      "geometries": 91,
      "materials": 21,
      "labels": 11,
      "sceneExtractions": 190,
      "gpu": {
        "buffers": 339,
        "textures": 13,
        "querySets": 0,
        "estimatedBytes": 141840304
      }
    }
  ],
  "teardown": [
    {
      "gpu": {
        "buffers": 1,
        "textures": 2,
        "querySets": 0,
        "estimatedBytes": 41353216
      },
      "entities": 0,
      "parts": 0,
      "geometries": 0,
      "materials": 0
    },
    {
      "gpu": {
        "buffers": 1,
        "textures": 2,
        "querySets": 0,
        "estimatedBytes": 41353216
      },
      "entities": 0,
      "parts": 0,
      "geometries": 0,
      "materials": 0
    },
    {
      "gpu": {
        "buffers": 1,
        "textures": 2,
        "querySets": 0,
        "estimatedBytes": 41353216
      },
      "entities": 0,
      "parts": 0,
      "geometries": 0,
      "materials": 0
    },
    {
      "gpu": {
        "buffers": 1,
        "textures": 2,
        "querySets": 0,
        "estimatedBytes": 41353216
      },
      "entities": 0,
      "parts": 0,
      "geometries": 0,
      "materials": 0
    }
  ]
}
