✔ actual MIDI sources and PCM assets are audible, unclipped, bounded and loop-safe (1099.248541ms)
✔ engine starts only with racing throttle, crossfades with speed and fades after release without accumulating loops (4.846392ms)
✔ wall spam is throttled, UI works in menus, and interruption/disposal cannot replay old effects (5.216988ms)
✔ countdown is edge-triggered, brake is gated by movement, and music does not restart while coasting (4.716895ms)
✔ music is exactly 30 seconds and all 16 bars retain audible rhythmic content (63.466972ms)
✔ an immediate race restart can replay its first countdown tone (0.702876ms)
✔ carousel wraps three or four courses without losing the unwrapped rotation (57.23029ms)
✔ perspective projection and pointer inverse agree across responsive layouts and transitions (31.790753ms)
✔ front card wins, side cards remain clickable and the hidden fourth card never intercepts input (3898.597912ms)
✔ swipes ignore tap jitter and vertical movement but accept short horizontal drags (1.14692ms)
✔ every recognised short horizontal drag advances even with zero release velocity (2.15749ms)
✔ fast throws cross multiple cards in their original direction, including full wraps (1.347032ms)
✔ coaster frames remain orthonormal and continuous through vertical poles, rolls and the lap seam (84.901927ms)
✔ inverted hovercraft offsets and steering remain on its road plane (83.275039ms)
✔ decals on inverted and vertical road faces lift toward the drivable side (5.33926ms)
✔ idle and coasting jets stay short even at boost speed; throttle controls sustained thrust (10.547006ms)
✔ half hull emits light smoke and critical hull adds restrained fire and denser smoke (1.14891ms)
✔ exhaust sockets follow bank and pitch, preserve separation, and rotate with the ship (4.201072ms)
✔ FOV narrows gradually with speed and stays bounded at extreme inputs (2.478936ms)
✔ health dial changes colour strictly below two-thirds and one-third health (7.385324ms)
✔ speedometer units match distance travelled and course distance units (8.646891ms)
✔ narrower high-speed lens gains a forward sightline and follows the road slope (1.93171ms)
✔ wall haptic strength grades speed-and-incidence impact and handles invalid values (1.537724ms)
✔ rail impacts label the visible left/right side, including inverted road frames (168.489036ms)
✔ successive impacts vary fracture centres/seeds and only add cracks on their hit side (21.265547ms)
✔ scraping is batched, fracture history bounded, and restart clears glass with a fresh layout (11.438605ms)
✔ the two softened Neon City bends have bounded peak curvature without new sharp joins (34.392044ms)
✔ language defaults to Chinese and survives a new storage reader without touching records (7.964051ms)
✔ all locales cover every UI key and course without changing simulation data (7.331128ms)
✔ every 3D route fits the same sphere through all vehicle attitudes (385.019714ms)
✔ forward stays above the car and full pitch/roll are retained without a yaw singularity (2.022375ms)
✔ actual height separates stacked paths, including when X/Z are identical (2.355257ms)
✔ curve and vehicle marker use identical 3D projection including lateral movement (78.054122ms)
✔ map screen-right agrees with the full chase camera frame on both sides of each spatial road (144.418453ms)
✔ Mobius and coaster map curves remain continuous at inversions, vertical tangents and lap seams (448.953102ms)
✔ iPhone moves its existing dial exactly left 25 and down 5, joins timing, and keeps a 44-point pause target inside screen (1.662068ms)
✔ Mobius lap visits opposite faces of one ribbon and closes without teleporting (141.049242ms)
✔ short pads cover all lanes and exact visible footprints on every course (206.220615ms)
✔ left and right pads trigger once at maximum speed, adjacent lanes do not (27.572799ms)
✔ all difficulties physically finish all seven 3D courses; harder AI is faster and has fewer rail impacts (9856.071721ms)
✔ seeded driving replays exactly; alternate seeds change mistakes and all controls remain bounded (452.775152ms)
✔ duel wall and scrape penalties keep health but retain slowing and cancel boost (2.076679ms)
✔ one shared fireball can slow both racers once each without any duel hull loss (2.209616ms)
✔ finish adjudication uses lap progress and fractional crossing, including an exact tie (0.894793ms)
✔ shared volcanic warnings still target a moving rival when the player stops (1.57374ms)
✔ normal and hard drivers steer away from a predicted active fireball (2.0357ms)
✔ native raster upload preserves the exact straight-alpha pixel view and array layer (10.276411ms)
✔ failed upload releases a newly allocated texture but leaves borrowed atlas ownership intact (46.406275ms)
✔ neon circuit generates a long, wide, elevated, and banked closed course (72.11438ms)
✔ hover racer accelerates, steers laterally, brakes, and respects cruise speed (58.843404ms)
✔ cyan pads grant boost and allow the racer to exceed cruise speed (3.676846ms)
✔ rails cause a deterministic impact penalty (13.460573ms)
✔ the race advances through three laps and then finishes (6.307886ms)
✔ manifest and page expose the racer, controls, timing, boost, and debug hooks (229.121502ms)
✔ all seven routes are distinct closed circuits with accurate, bounded thumbnails (267.418271ms)
✔ holding throttle without turning hits walls on every course (346.167381ms)
✔ deliberate steering and braking can complete all seven courses without damage (8178.632699ms)
✔ faster and more direct wall strikes increase damage, cancel boost, and shake the camera (1.722051ms)
✔ critical damage destroys the ship, freezes the race, and reset restores full hull (1.032088ms)
✔ zero-time steps are inert and fixed subdivisions agree at 20, 60 and 120 Hz (10.818269ms)
✔ boost expiration preserves momentum and smoothly returns to cruise even with throttle held (5.70202ms)
✔ steering scrubs a small symmetric amount of speed without a discontinuous speed cap (1.012043ms)
✔ beginner course comes first and Rainbow Road has a separated elevated crossing (68.591573ms)
✔ expanded courses preserve proportions and widths while easing curvature per metre (49.864578ms)
✔ higher racing speeds remain reachable and brakes can settle boost speed promptly (3.201611ms)
✔ lane and boost overlays stay above both triangles of a twisted road, including their interiors (10.114624ms)
✔ start-line overlay wraps the closed track while keeping a continuous texture range (1.699825ms)
✔ neon browser verifier defaults to the full unique scenario matrix (13.947248ms)
✔ targeted neon verification preserves named scenarios and rejects typos (19.138932ms)
✔ warning cannot damage the car before a fireball lands (8.469387ms)
✔ moving to either free lane avoids impact, and only a close direct hit is lethal at low health (1.484734ms)
✔ swept impact catches high-speed crossings and wraps at the lap seam (0.977259ms)
✔ equal seeds produce identical forward warnings and reset deterministically; pools stay bounded (57.847504ms)
✔ stopped, destroyed and finished races never launch attacks; expired impacts are removed (12.745761ms)
✔ camera preference persists with safe storage fallback and glass fractures increase monotonically (1.909366ms)
ℹ tests 75
ℹ suites 0
ℹ pass 75
ℹ fail 0
ℹ cancelled 0
ℹ skipped 0
ℹ todo 0
ℹ duration_ms 11973.959115
