
> @haiyue/native-boxbound@0.1.0 build:android
> node scripts/android.mjs build android

Canvas binding patch: {
  version: '2.1.18',
  queueSha256: 'a38a58942c488ccece244424b1c4e91c8f3e257dd201b85dd63871988ff30369',
  file: 'WebGPU/GPURenderPassEncoder.js',
  sha256: '7a14f279e042bb748781c10a6c56a6122931525f56943096815fb1143b583cf7'
}
Preparing project...
assets by path [1m[32mgame/levels/parabox/[39m[22m 882 KiB 167 assets
assets by path [1m[32mgame/assets/audio/[39m[22m 183 KiB 22 assets
assets by path [1m[32mgame/levels/islands/*.json[39m[22m 33.1 KiB
  asset [1m[32mgame/levels/islands/world.json[39m[22m 8.89 KiB [1m[33m[compared for emit][39m[22m [from: ../../../Games/games/boxbound/levels/islands/world.json] [1m[32m[copied][39m[22m
  + 10 assets
assets by path [1m[32massets/ui/[39m[22m 4.96 MiB
  assets by path [1m[32massets/ui/*.png[39m[22m 4.95 MiB 8 assets
  assets by path [1m[32massets/ui/*.json[39m[22m 7.23 KiB 2 assets
assets by path [1m[32m*.js[39m[22m 7.35 MiB
  asset [1m[32mvendor.js[39m[22m 7 MiB [1m[33m[compared for emit][39m[22m (name: vendor) (id hint: defaultVendor) 1 related asset
  + 2 assets
asset [1m[32mbranding/haiyue-moon.png[39m[22m 127 KiB [1m[33m[compared for emit][39m[22m [from: ../../bridge/branding/assets/haiyue-moon.png] [1m[32m[copied][39m[22m
asset [1m[32mtns_modules/inspector_modules.js[39m[22m 859 bytes [1m[33m[compared for emit][39m[22m (name: tns_modules/inspector_modules) 1 related asset
asset [1m[32mgame/levels/index.json[39m[22m 338 bytes [1m[33m[compared for emit][39m[22m [from: ../../../Games/games/boxbound/levels/index.json] [1m[32m[copied][39m[22m
Entrypoint [1mbundle[39m[22m 7.35 MiB (7.93 MiB) = [1m[32mruntime.js[39m[22m 7.2 KiB [1m[32mvendor.js[39m[22m 7 MiB [1m[32mbundle.js[39m[22m 359 KiB 3 auxiliary assets
Entrypoint [1mtns_modules/inspector_modules[39m[22m 7 MiB (7.29 MiB) = [1m[32mruntime.js[39m[22m 7.2 KiB [1m[32mvendor.js[39m[22m 7 MiB [1m[32mtns_modules/inspector_modules.js[39m[22m 859 bytes 3 auxiliary assets
orphan modules 1.36 MiB [1m[33m[orphan][39m[22m 38 modules
runtime modules 3.76 KiB 9 modules
modules by path [1m./node_modules/[39m[22m 6.07 MiB 691 modules
modules by path [1m../../[39m[22m 235 KiB
  modules by path [1m../../bridge/[39m[22m 55.4 KiB 24 modules
  modules by path [1m../../../Games/games/boxbound/*.ts[39m[22m 180 KiB
    [1m../../../Games/games/boxbound/quality.ts[39m[22m 617 bytes [1m[33m[built][39m[22m [1m[33m[code generated][39m[22m
    + 18 modules
modules by path [1m./src/[39m[22m 58.5 KiB
  modules by path [1m./src/*.ts[39m[22m 56.8 KiB
    [1m./src/app.ts[39m[22m 890 bytes [1m[33m[built][39m[22m [1m[33m[code generated][39m[22m
    + 11 modules
  [1m./src/ sync \.(xml%7Cjs%7C(%3F<%21\.d\.)ts%7Cs%3Fcss)$[39m[22m 405 bytes [1m[33m[built][39m[22m [1m[33m[code generated][39m[22m
  [1m./src/app.css[39m[22m 1.27 KiB [1m[33m[built][39m[22m [1m[33m[code generated][39m[22m
[1mexternal "~/package.json"[39m[22m 42 bytes [1m[33m[built][39m[22m [1m[33m[code generated][39m[22m
webpack 5.110.3 compiled [1m[32msuccessfully[39m[22m in 23608 ms
Webpack compilation complete.
Updating runtime package.json with configuration values...
Project successfully prepared (android)
Building project...
Gradle build...
	 + setting applicationId
	 + applying user-defined configuration from /Users/qingque/Desktop/HaiyueStudio/Native/examples/boxbound/App_Resources/Android/app.gradle
	 + adding nativescript runtime package dependency: nativescript-optimized-with-inspector
	 + adding aar plugin dependency: /Users/qingque/Desktop/HaiyueStudio/Native/examples/boxbound/node_modules/@nativescript/core/platforms/android/core.aar
	 + adding aar plugin dependency: /Users/qingque/Desktop/HaiyueStudio/Native/examples/boxbound/node_modules/@nativescript/core/platforms/android/widgets-release.aar
	 + adding aar plugin dependency: /Users/qingque/Desktop/HaiyueStudio/Native/examples/boxbound/node_modules/@nativescript/core/platforms/android/winter_tc-release.aar
	 + adding aar plugin dependency: /Users/qingque/Desktop/HaiyueStudio/Native/examples/boxbound/node_modules/@nativescript/canvas/platforms/android/canvas-release.aar
Project successfully built.
Build time: 42.783 s.
The build result is located at: /Users/qingque/Desktop/HaiyueStudio/Native/examples/boxbound/platforms/android/app/build/outputs/apk/debug/app-debug.apk
