✔ all 49 new puzzles have valid spawn, reset only their interior, and return to the chapter (13109.867877ms)
✔ new chapter solution 107 replays to completion (86.006221ms)
✔ new chapter solution 108 replays to completion (82.838255ms)
✔ new chapter solution 111 replays to completion (79.436969ms)
✔ new chapter solution 112 replays to completion (75.84752ms)
✔ new chapter solution 113 replays to completion (86.373011ms)
✔ new chapter solution 118 replays to completion (102.437464ms)
✔ new chapter solution 121 replays to completion (119.354849ms)
✔ new chapter solution 122 replays to completion (115.933492ms)
✔ new chapter solution 123 replays to completion (117.242145ms)
✔ new chapter solution 127 replays to completion (92.089766ms)
✔ new chapter solution 146 replays to completion (113.533183ms)
✔ new chapter solution 148 replays to completion (93.621888ms)
✔ new chapter solution 149 replays to completion (89.884595ms)
✔ new chapter solution 151 replays to completion (91.759601ms)
✔ revision 13 saves add the three chapters and new name without resetting progress (311.259762ms)
✔ Transfer carries player exit fraction into an adjacent blocked box instead of centering (15.293997ms)
✔ Transfer remaps the fraction through a nested occupied entrance (2.486998ms)
✔ Transfer carries a crate and rolls back all contents when the target edge is blocked (5.350579ms)
✔ mirrored entry, exit and transverse transfer use the reflected coordinates (4.865543ms)
✔ moving a container through a mirror toggles its orientation; failed pushes preserve it (3.086625ms)
✔ mirror containment transforms are invertible and two reflections restore handedness (1.631965ms)
✔ decorations stay within low-poly budgets using the same full and preview descriptors (20.778635ms)
ℹ tests 23
ℹ suites 0
ℹ pass 23
ℹ fail 0
ℹ cancelled 0
ℹ skipped 0
ℹ todo 0
ℹ duration_ms 16052.417679
