✔ all 49 new puzzles have valid spawn, reset only their interior, and return to the chapter (14007.054696ms)
✔ new chapter solution 107 replays to completion (143.387965ms)
✔ new chapter solution 108 replays to completion (141.517009ms)
✔ new chapter solution 111 replays to completion (144.94693ms)
✔ new chapter solution 112 replays to completion (88.53628ms)
✔ new chapter solution 113 replays to completion (87.415111ms)
✔ new chapter solution 118 replays to completion (88.846227ms)
✔ new chapter solution 121 replays to completion (92.649858ms)
✔ new chapter solution 122 replays to completion (117.437037ms)
✔ new chapter solution 123 replays to completion (99.524606ms)
✔ new chapter solution 127 replays to completion (91.098435ms)
✔ new chapter solution 146 replays to completion (89.852313ms)
✔ new chapter solution 148 replays to completion (82.437242ms)
✔ new chapter solution 149 replays to completion (85.304021ms)
✔ new chapter solution 151 replays to completion (116.47113ms)
✔ revision 13 saves add the three chapters and new name without resetting progress (374.242651ms)
✔ performance diagnostic accepts stable GPU and object lifecycle channels (14.251856ms)
✔ performance diagnostic rejects nested zoom GPU leak (2.832616ms)
✔ performance diagnostic rejects nested zoom retained meshes (0.9296ms)
✔ performance diagnostic rejects recursive player GPU leak (1.002865ms)
✔ performance diagnostic rejects recursive player entity churn (1.561555ms)
✔ performance diagnostic rejects idle input wake (1.762044ms)
✔ performance diagnostic rejects resize wake (0.847357ms)
✔ performance diagnostic rejects entity churn (0.82238ms)
✔ performance diagnostic rejects GPU leak (1.220094ms)
✔ performance diagnostic rejects retained geometry (1.195261ms)
✔ performance diagnostic rejects idle matrix updates (1.145902ms)
✔ performance diagnostic rejects idle scene extraction (0.862827ms)
✔ performance diagnostic rejects retained labels after disposal (0.884991ms)
✔ performance diagnostic rejects GPU residue after disposal (1.497141ms)
✔ quality defaults to MSAA and native density capped at two; explicit choices round-trip (27.872129ms)
✔ chapter and exit labels only reveal within 2.5 active-room cells (1.237997ms)
✔ crate: each of the six planar centers is exactly two triangles (34.80387ms)
✔ player: each of the six planar centers is exactly two triangles (19.125387ms)
✔ Transfer carries player exit fraction into an adjacent blocked box instead of centering (17.923795ms)
✔ Transfer remaps the fraction through a nested occupied entrance (1.615528ms)
✔ Transfer carries a crate and rolls back all contents when the target edge is blocked (4.886027ms)
✔ mirrored entry, exit and transverse transfer use the reflected coordinates (3.076463ms)
✔ moving a container through a mirror toggles its orientation; failed pushes preserve it (4.444622ms)
✔ mirror containment transforms are invertible and two reflections restore handedness (2.19748ms)
✔ decorations stay within low-poly budgets using the same full and preview descriptors (25.725534ms)
✔ arched barriers have a 32-triangle crown per cell and outward winding (50.030702ms)
✔ L and T wall joins share identical roof vertices/normals and omit internal side faces (12.6093ms)
✔ narrow door jambs keep their original aperture and fit conservative mesh bounds (5.30178ms)
✔ stacked barriers remove hidden roofs; adding a walkable cover invalidates geometry identity (6.326755ms)
✔ translated and reordered copies of the same wall share canonical geometry identities (8.169295ms)
✔ up/down motion clears the full body around ledges in all directions, including late airborne steering (62.215746ms)
✔ movement endpoints and phase joins are continuous, with bounded landing and falling crates (4.660596ms)
✔ Boxbound level 1: authored solution completes both crate and player goals (355.027474ms)
✔ Boxbound level 2: authored solution completes both crate and player goals (365.371631ms)
✔ Boxbound level 3: authored solution completes both crate and player goals (259.756045ms)
✔ Boxbound level 4: authored solution completes both crate and player goals (334.480054ms)
✔ Boxbound level 5: authored solution completes both crate and player goals (358.85187ms)
✔ Boxbound level 6: authored solution completes both crate and player goals (501.321703ms)
✔ Boxbound level 7: authored solution completes both crate and player goals (323.691902ms)
✔ Boxbound level 8: authored solution completes both crate and player goals (352.53252ms)
✔ Boxbound level 9: authored solution completes both crate and player goals (250.369859ms)
✔ Boxbound level 10: authored solution completes both crate and player goals (486.544068ms)
✖ Boxbound graph is valid and all rooms are cubic with ten independent world gates (103.774112ms)
✔ failed pushes are atomic and leave initial state untouched (219.335629ms)
✔ a box on target alone cannot complete the level (73.692059ms)
✔ jump is exactly one voxel and ceilings block it (91.212974ms)
✔ self references remain finite data and signal contraction / expansion (114.102111ms)
✔ reset restores exported boxes and all nested rooms without affecting other levels (523.4627ms)
✔ five engine save slots round-trip independently and reject malformed state (7499.838176ms)
✔ save validation rejects broken references, coordinates and corrupt routes (638.687415ms)
✔ cycle scaling distinguishes contraction, expansion and neutral fixed points (2.777659ms)
✔ large cubes collide across their complete footprint, and push occupied leading faces (121.244446ms)
✔ corrupt nested save values never throw in the validator (421.971958ms)
✔ colors are actual goal constraints: swapping blue and coral cannot finish level 2 (88.787979ms)
✔ one-high walls have flat narrow doors that admit players but block whole crates (1358.994316ms)
✔ forbidden wall tops reject jumping and same-height approach from a crate (112.09967ms)
✔ in-place jump requires headroom and leaves deterministic state untouched (195.880702ms)
✔ authored open passages still allow cross-level crate transport for hidden puzzles (144.687276ms)
✔ connected wall runs exactly cover collision voxels without holes, overlaps or bridging openings (423.02128ms)
✔ portal zoom stays visible and advances monotonically without a mid-transition scene fade (0.88142ms)
✔ celebration has lift, a full spin, laughter and a bounded return to rest (0.468032ms)
✔ old five-slot journeys migrate geometry and colors without resetting progress or exported crates (1250.002606ms)
✔ reset never deletes foreign crates imported from another level (297.220417ms)
✔ door geometry directions and traversal both respect a closed side (179.350588ms)
✔ revision 2 migration removes tall walls and sills and settles unsupported actors (705.453589ms)
✔ all four doorway widths gate crate export atomically; full-width permits transport (973.29986ms)
✔ a narrow receiving room rejects incoming crates while its character entrance remains open (123.61154ms)
✔ R inside a nested room stays there and preserves the parent layout and other completed levels (343.428315ms)
✔ every completed independent level can be replayed and completed again after R (9007.54099ms)
✔ revision 3 migrates narrow door geometry without losing a crate resting in an old opening (718.896595ms)
✔ after exporting a crate the player can push it again while walking out through any side (993.808161ms)
✔ exit pushes exterior chains atomically and blocked exits preserve all boxes and transfers (620.114975ms)
✔ export can advance an exterior crate and transfer events have exact room endpoints (109.47012ms)
✔ crate crossings shrink before entry and emerge before growth in either visible room (236.032126ms)
✔ rounded wall join fillers keep straight, L and T intersections flat without bridging empty cells (258.28662ms)
✔ pressure plate opens for a player and closes immediately after departure; closed bars cannot be walked or jumped through (147.491597ms)
✔ a crate holds a button, the player can replace its weight, and a large crate presses with its base footprint only (342.164476ms)
✔ an unpowered gate waits for a player or box in its doorway and closes when the cell clears (303.909301ms)
✔ gate channels are local to their room and any linked button can hold them open (67.150079ms)
✔ closed gates block full crate collisions and failed pushes preserve the mechanism (178.967607ms)
✔ pressure mechanisms survive five-slot saves and revision 4 upgrades preserve progress and exported crates (5506.205727ms)
✔ malformed mechanism positions, channels, IDs and wall overlaps are rejected in saves (353.882709ms)
✔ exterior wall previews match blocked exits in all four directions without mutating the inner map (331.795129ms)
✔ exterior previews follow the actual route owner and its current position for shared and recursive spaces (166.296287ms)
✔ exterior gates disappear when powered and movable crates are not drawn as walls (73.886185ms)
✔ reversing recorded box transfers restores both endpoints, direction and scaling semantics without mutating history (96.893261ms)
✔ gameplay and undo share read-only rooms but isolate every mutable state field (273.783142ms)
✔ repeated reset and movement use the same 300-entry history bound and isolated transfer records (857.830427ms)
✔ all authored rooms separate every pressure plate from gates, including diagonal adjacency (65.536125ms)
✔ the spaced island gate rejects walking or jumping off the plate but has a crate-held solution (474.858653ms)
✔ revision 5 spacing migration preserves progress, moved weights and occupied destinations (1703.114843ms)
✖ JSON authors the entire finite world graph, including nested and self-referencing rooms (152.979547ms)
✔ map loading rejects invalid references, decorations, overlaps and adjacent mechanisms (1306.483357ms)
✔ all decoration types block walking, jumping and pushing without changing the source state (1273.762356ms)
✔ world decoration obstacles leave ground routes to all ten level entrances (84.852555ms)
✔ outside decorations appear at the matching inner exit and prevent leaving through them (121.337957ms)
✔ revision 6 decoration migration safely moves obstructed actors and preserves progress (643.031119ms)
✔ unpowered gates eject the player after a crate is pushed clear in all four directions (952.958946ms)
✔ powered gates permit pushing through and a large crate keeps covering the gate until fully clear (225.937862ms)
✔ blocked gate pushes are atomic and recoil can be undone as one move (243.881326ms)
✔ recoil animation keeps the full player body clear of raised bars and returns to rest (17.661901ms)
✔ sound events distinguish steps, pushes, jumps, landings, buttons and both gate directions (310.34608ms)
✔ MIDI source files and rendered sound cues are distinct, bounded and non-silent (38.455695ms)
✔ Parabox 1: complete original layout with ground movement and valid nested graph at every step (801.21115ms)
✔ Parabox 2: complete original layout with ground movement and valid nested graph at every step (1110.191563ms)
✔ Parabox 3: complete original layout with ground movement and valid nested graph at every step (1325.27387ms)
✔ Parabox 4: complete original layout with ground movement and valid nested graph at every step (1270.161153ms)
✔ Parabox 5: complete original layout with ground movement and valid nested graph at every step (902.482702ms)
✔ Parabox 6: complete original layout with ground movement and valid nested graph at every step (1784.784768ms)
✔ Parabox 7: complete original layout with ground movement and valid nested graph at every step (919.040887ms)
✔ Parabox 8: complete original layout with ground movement and valid nested graph at every step (1132.5792ms)
✔ Parabox 9: complete original layout with ground movement and valid nested graph at every step (989.689058ms)
✔ Parabox 10: complete original layout with ground movement and valid nested graph at every step (1295.75767ms)
✔ museum has eleven chapter gateways, a red friend and 165 unique completion IDs (197.95521ms)
✔ revision 7 journeys in all five slots add museum without losing moved crates or progress (2704.701604ms)
✔ community first-eleven-chapters transcription maps every wall, goal, actor and inner reference with the authored Eat 8 correction (167.338672ms)
✔ classic K cannot bypass pushing a movable nested box and directional J cannot climb it (119.225668ms)
✔ completion returns every original and tribute puzzle beyond its whole nested graph without altering crates, moves or completion (7799.58528ms)
✔ auto return finds a safe nearby tile behind blocked entrances and leaves fully occupied parent unchanged (184.63263ms)
✔ world file includes support inline groups, relative paths and one read per path; reject missing, duplicate and cyclic files (451.521696ms)
✔ parent frame samples eight immediate neighbors using active owner occurrence, follows moved boxes and terminates self references (126.798154ms)
✔ new musical cues distinguish victory, entering, leaving and reverse travel without false victory on undo (183.11382ms)
✔ outside cells preserve containing-box scale, contiguous boundaries and square corners for all room and box sizes (976.490691ms)
✔ chapter layout has exactly 9/18/14 independent movable level boxes with entry-first defaults (68.815185ms)
✔ entry priority is configurable and a blocked push falls back to entry; replay keeps achievements and exterior identities (459.466852ms)
✔ space zoom composes route scales and round-trips positions through nested and self references (72.925487ms)
✔ revision 8 saves migrate the current puzzle route into its chapter without resetting progress (301.075901ms)
✔ solution fixtures cover all forty-one chapter puzzles (1.190642ms)
✔ chapter puzzle 1: replay authored start, solve, return, reset only interior and replay achievement (772.815716ms)
✔ chapter puzzle 2: replay authored start, solve, return, reset only interior and replay achievement (1201.214865ms)
✔ chapter puzzle 3: replay authored start, solve, return, reset only interior and replay achievement (1428.012661ms)
✔ chapter puzzle 4: replay authored start, solve, return, reset only interior and replay achievement (1368.669053ms)
✔ chapter puzzle 5: replay authored start, solve, return, reset only interior and replay achievement (1008.576808ms)
✔ chapter puzzle 6: replay authored start, solve, return, reset only interior and replay achievement (1933.184042ms)
✔ chapter puzzle 7: replay authored start, solve, return, reset only interior and replay achievement (995.681327ms)
✔ chapter puzzle 8: replay authored start, solve, return, reset only interior and replay achievement (1248.425303ms)
✔ chapter puzzle 9: replay authored start, solve, return, reset only interior and replay achievement (996.492195ms)
✔ chapter puzzle 10: replay authored start, solve, return, reset only interior and replay achievement (1298.077716ms)
✔ chapter puzzle 11: replay authored start, solve, return, reset only interior and replay achievement (1800.51185ms)
✔ chapter puzzle 12: replay authored start, solve, return, reset only interior and replay achievement (1632.672721ms)
✔ chapter puzzle 13: replay authored start, solve, return, reset only interior and replay achievement (1044.391748ms)
✔ chapter puzzle 14: replay authored start, solve, return, reset only interior and replay achievement (1409.546265ms)
✔ chapter puzzle 15: replay authored start, solve, return, reset only interior and replay achievement (1179.14658ms)
✔ chapter puzzle 16: replay authored start, solve, return, reset only interior and replay achievement (1707.62299ms)
✔ chapter puzzle 17: replay authored start, solve, return, reset only interior and replay achievement (1700.451528ms)
✔ chapter puzzle 18: replay authored start, solve, return, reset only interior and replay achievement (1648.104261ms)
✔ chapter puzzle 19: replay authored start, solve, return, reset only interior and replay achievement (2770.64302ms)
✔ chapter puzzle 20: replay authored start, solve, return, reset only interior and replay achievement (1984.994364ms)
✔ chapter puzzle 21: replay authored start, solve, return, reset only interior and replay achievement (1318.521466ms)
✔ chapter puzzle 22: replay authored start, solve, return, reset only interior and replay achievement (1113.507564ms)
✔ chapter puzzle 23: replay authored start, solve, return, reset only interior and replay achievement (1291.895102ms)
✔ chapter puzzle 24: replay authored start, solve, return, reset only interior and replay achievement (1932.12996ms)
✔ chapter puzzle 25: replay authored start, solve, return, reset only interior and replay achievement (3420.427552ms)
✔ chapter puzzle 26: replay authored start, solve, return, reset only interior and replay achievement (3305.653057ms)
✔ chapter puzzle 27: replay authored start, solve, return, reset only interior and replay achievement (3757.104313ms)
✔ chapter puzzle 28: replay authored start, solve, return, reset only interior and replay achievement (1397.733683ms)
✔ chapter puzzle 29: replay authored start, solve, return, reset only interior and replay achievement (2037.945493ms)
✔ chapter puzzle 30: replay authored start, solve, return, reset only interior and replay achievement (1882.910563ms)
✔ chapter puzzle 31: replay authored start, solve, return, reset only interior and replay achievement (2167.428969ms)
✔ chapter puzzle 32: replay authored start, solve, return, reset only interior and replay achievement (4464.810378ms)
✔ chapter puzzle 33: replay authored start, solve, return, reset only interior and replay achievement (2171.035389ms)
✔ chapter puzzle 34: replay authored start, solve, return, reset only interior and replay achievement (3762.133622ms)
✔ chapter puzzle 35: replay authored start, solve, return, reset only interior and replay achievement (2307.153356ms)
✔ chapter puzzle 36: replay authored start, solve, return, reset only interior and replay achievement (7186.497226ms)
✔ chapter puzzle 37: replay authored start, solve, return, reset only interior and replay achievement (6764.717458ms)
✔ chapter puzzle 38: replay authored start, solve, return, reset only interior and replay achievement (5541.692429ms)
✔ chapter puzzle 39: replay authored start, solve, return, reset only interior and replay achievement (3084.156783ms)
✔ chapter puzzle 40: replay authored start, solve, return, reset only interior and replay achievement (3863.949916ms)
✔ chapter puzzle 41: replay authored start, solve, return, reset only interior and replay achievement (3965.082449ms)
✔ chapter puzzle 42: replay authored start, solve, return, reset only interior and replay achievement (1458.941996ms)
✔ chapter puzzle 43: replay authored start, solve, return, reset only interior and replay achievement (3291.634506ms)
✔ chapter puzzle 45: replay authored start, solve, return, reset only interior and replay achievement (2947.374461ms)
✔ chapter puzzle 46: replay authored start, solve, return, reset only interior and replay achievement (3074.429049ms)
✔ chapter puzzle 47: replay authored start, solve, return, reset only interior and replay achievement (3228.143612ms)
✔ chapter puzzle 48: replay authored start, solve, return, reset only interior and replay achievement (3889.152596ms)
✔ chapter puzzle 49: replay authored start, solve, return, reset only interior and replay achievement (5853.307445ms)
✔ chapter puzzle 50: replay authored start, solve, return, reset only interior and replay achievement (3048.019825ms)
✔ chapter puzzle 51: replay authored start, solve, return, reset only interior and replay achievement (2092.533177ms)
✔ chapter puzzle 52: replay authored start, solve, return, reset only interior and replay achievement (3595.453347ms)
✔ chapter puzzle 54: replay authored start, solve, return, reset only interior and replay achievement (1736.258553ms)
✔ chapter puzzle 55: replay authored start, solve, return, reset only interior and replay achievement (2773.272256ms)
✔ chapter puzzle 59: replay authored start, solve, return, reset only interior and replay achievement (3580.613084ms)
✔ chapter puzzle 60: replay authored start, solve, return, reset only interior and replay achievement (3406.054783ms)
✔ chapter puzzle 61: replay authored start, solve, return, reset only interior and replay achievement (2814.665962ms)
✔ chapter puzzle 64: replay authored start, solve, return, reset only interior and replay achievement (2232.469987ms)
✔ chapter puzzle 65: replay authored start, solve, return, reset only interior and replay achievement (2816.034843ms)
✔ chapter puzzle 69: replay authored start, solve, return, reset only interior and replay achievement (1364.993857ms)
✔ chapter puzzle 70: replay authored start, solve, return, reset only interior and replay achievement (1256.836252ms)
✔ chapter puzzle 71: replay authored start, solve, return, reset only interior and replay achievement (1731.795508ms)
✔ chapter puzzle 72: replay authored start, solve, return, reset only interior and replay achievement (1658.015069ms)
✔ chapter puzzle 73: replay authored start, solve, return, reset only interior and replay achievement (1815.821076ms)
✔ chapter puzzle 74: replay authored start, solve, return, reset only interior and replay achievement (1695.222441ms)
✔ chapter puzzle 75: replay authored start, solve, return, reset only interior and replay achievement (2475.219281ms)
✔ chapter puzzle 76: replay authored start, solve, return, reset only interior and replay achievement (2178.561689ms)
✔ chapter puzzle 77: replay authored start, solve, return, reset only interior and replay achievement (1708.083325ms)
✔ chapter puzzle 78: replay authored start, solve, return, reset only interior and replay achievement (2072.85717ms)
✔ chapter puzzle 80: replay authored start, solve, return, reset only interior and replay achievement (2772.418384ms)
✔ chapter puzzle 81: replay authored start, solve, return, reset only interior and replay achievement (3991.138549ms)
✔ chapter puzzle 82: replay authored start, solve, return, reset only interior and replay achievement (4648.91797ms)
✔ chapter puzzle 83: replay authored start, solve, return, reset only interior and replay achievement (2452.996312ms)
✔ chapter puzzle 84: replay authored start, solve, return, reset only interior and replay achievement (2428.983594ms)
✔ chapter puzzle 85: replay authored start, solve, return, reset only interior and replay achievement (2249.766578ms)
✔ chapter puzzle 86: replay authored start, solve, return, reset only interior and replay achievement (3215.146327ms)
✔ chapter puzzle 87: replay authored start, solve, return, reset only interior and replay achievement (2237.064709ms)
✔ chapter puzzle 88: replay authored start, solve, return, reset only interior and replay achievement (2428.737147ms)
✔ chapter puzzle 89: replay authored start, solve, return, reset only interior and replay achievement (1070.495751ms)
✔ chapter puzzle 90: replay authored start, solve, return, reset only interior and replay achievement (2188.841832ms)
✔ chapter puzzle 91: replay authored start, solve, return, reset only interior and replay achievement (3005.545682ms)
✔ chapter puzzle 92: replay authored start, solve, return, reset only interior and replay achievement (1922.029756ms)
✔ chapter puzzle 93: replay authored start, solve, return, reset only interior and replay achievement (3026.872429ms)
✔ chapter puzzle 95: replay authored start, solve, return, reset only interior and replay achievement (2854.130474ms)
✔ chapter puzzle 96: replay authored start, solve, return, reset only interior and replay achievement (4265.781613ms)
✔ chapter puzzle 98: replay authored start, solve, return, reset only interior and replay achievement (3204.235772ms)
✔ chapter puzzle 99: replay authored start, solve, return, reset only interior and replay achievement (5058.444214ms)
✔ chapter puzzle 100: replay authored start, solve, return, reset only interior and replay achievement (3336.062516ms)
✔ chapter puzzle 102: replay authored start, solve, return, reset only interior and replay achievement (3115.203136ms)
✔ consecutive boundary exits unwind the whole route and respect player-sized openings (113.804974ms)
✔ crate transport crosses consecutive boundaries atomically and cannot pass a narrow parent opening (88.410778ms)
✖ Boxbound manifest ships every nested level file without stale asset references (39.539922ms)
✔ transport lands the original crate at its real miniature position without fading (132.902627ms)
✔ character crossing scales continuously in both directions and keeps full visibility (3.551067ms)
✔ Enter 18 outward self-root crossing preserves navigation but records the physical edge and inverse animation (209.779002ms)
✔ implicit root crossing is absent for normal steps, blocked exits and chapter return (193.809781ms)
✔ both planar and spatial perspective views fit complete maps into 85 percent (4.634828ms)
✔ explicit parent and child occurrences of a self room use inverse transforms, including larger boxes (97.012176ms)
✔ a recursive root has the self parent before and after traversing its own container (128.911184ms)
✔ museum and all three chapters have walkable signed exits to their actual parent (799.98827ms)
✔ revision 9 saves gain the four exits without resetting position, moved boxes or progress (2966.864941ms)
✔ self-room crate exit has distinct departure and arrival occurrences without duplicating game state (323.840742ms)
✔ undo of self-room crate crossing reverses the same two physical endpoints (218.344088ms)
✔ exterior occlusion uses a finite eye-to-target segment, including camera inside a large object (0.920283ms)
✔ all 65 new chapter puzzles enter their authored spawn, preserve valid movement, reset and return (44031.459606ms)
✔ revision 10 saves gain the five chapters without resetting existing puzzle or world state (372.761265ms)
✔ clone interiors share the original room and physical exits emerge from the original box (87.153319ms)
✔ Clone void exteriors permit pushing but prevent re-entry and boundary export; E still returns (110.149538ms)
✔ Reference 1 A-B-A cycle exits the actual path box and solves without escaping to the chapter (416.027868ms)
✔ revision 11 repairs the saved Reference cycle bookmark without resetting moved boxes or progress (502.559535ms)
✔ exit-level leaves a recursive puzzle safely without resetting its interior or earning completion (332.918108ms)
✔ authored room palettes separate every non-self nesting edge and remain deterministic (191.717687ms)
✔ room theme overrides validate, and recursive/cloned occurrences keep the authored room identity (116.036482ms)
✔ compact chapter galleries keep every level in four columns with one-tile corridors (107.607896ms)
✔ revision 12 compact galleries preserve puzzle state, completed levels and safe return bookmarks (608.382472ms)
✔ closed puzzle faces push without resetting contents; blocked faces cannot teleport or dive (559.157913ms)
✔ only the matching open side admits players, including off-center openings on all four sides (1064.082537ms)
✔ closed puzzle entry requires climbing onto its original box and diving; undo snapshots stay unchanged (182.298742ms)
ℹ tests 261
ℹ suites 0
ℹ pass 258
ℹ fail 3
ℹ cancelled 0
ℹ skipped 0
ℹ todo 0
ℹ duration_ms 354142.318771

✖ failing tests:

test at games/test/boxbound.test.mjs:150:1
✖ Boxbound graph is valid and all rooms are cubic with ten independent world gates (103.774112ms)
  AssertionError [ERR_ASSERTION]: Expected values to be strictly equal:
  
  13 !== 10
  
      at TestContext.<anonymous> (file:///Users/qingque/Desktop/HaiyueStudio/Games/games/test/boxbound.test.mjs:157:10)
      at Test.runInAsyncScope (node:async_hooks:227:14)
      at Test.run (node:internal/test_runner/test:1382:25)
      at Test.processPendingSubtests (node:internal/test_runner/test:960:18)
      at Test.postRun (node:internal/test_runner/test:1522:19)
      at Test.run (node:internal/test_runner/test:1447:12)
      at async Test.processPendingSubtests (node:internal/test_runner/test:960:7) {
    generatedMessage: true,
    code: 'ERR_ASSERTION',
    actual: 13,
    expected: 10,
    operator: 'strictEqual',
    diff: 'simple'
  }

test at games/test/boxbound.test.mjs:1155:1
✖ JSON authors the entire finite world graph, including nested and self-referencing rooms (152.979547ms)
  AssertionError [ERR_ASSERTION]: Expected values to be strictly equal:
  
  406 !== 255
  
      at TestContext.<anonymous> (file:///Users/qingque/Desktop/HaiyueStudio/Games/games/test/boxbound.test.mjs:1157:10)
      at Test.runInAsyncScope (node:async_hooks:227:14)
      at Test.run (node:internal/test_runner/test:1382:25)
      at Test.processPendingSubtests (node:internal/test_runner/test:960:18)
      at Test.postRun (node:internal/test_runner/test:1522:19)
      at Test.run (node:internal/test_runner/test:1447:12)
      at async Test.processPendingSubtests (node:internal/test_runner/test:960:7) {
    generatedMessage: true,
    code: 'ERR_ASSERTION',
    actual: 406,
    expected: 255,
    operator: 'strictEqual',
    diff: 'simple'
  }

test at games/test/boxbound.test.mjs:1650:1
✖ Boxbound manifest ships every nested level file without stale asset references (39.539922ms)
  AssertionError [ERR_ASSERTION]: Expected values to be strictly equal:
  
  179 !== 127
  
      at TestContext.<anonymous> (file:///Users/qingque/Desktop/HaiyueStudio/Games/games/test/boxbound.test.mjs:1654:10)
      at Test.runInAsyncScope (node:async_hooks:227:14)
      at Test.run (node:internal/test_runner/test:1382:25)
      at Test.processPendingSubtests (node:internal/test_runner/test:960:18)
      at Test.postRun (node:internal/test_runner/test:1522:19)
      at Test.run (node:internal/test_runner/test:1447:12)
      at async Test.processPendingSubtests (node:internal/test_runner/test:960:7) {
    generatedMessage: true,
    code: 'ERR_ASSERTION',
    actual: 179,
    expected: 127,
    operator: 'strictEqual',
    diff: 'simple'
  }
